Archive member included because of file (symbol)

c:/program files (x86)/emblocks/2.30/share/em_armgcc/bin/../lib/gcc/arm-none-eabi/4.7.3/armv6-m\libgcc.a(_udivsi3.o)
                              obj\debug\spl\src\stm32f0xx_rcc.o (__aeabi_uidiv)
c:/program files (x86)/emblocks/2.30/share/em_armgcc/bin/../lib/gcc/arm-none-eabi/4.7.3/armv6-m\libgcc.a(_divsi3.o)
                              obj\debug\src\bmp180.o (__aeabi_idiv)
c:/program files (x86)/emblocks/2.30/share/em_armgcc/bin/../lib/gcc/arm-none-eabi/4.7.3/armv6-m\libgcc.a(_dvmd_tls.o)
                              c:/program files (x86)/emblocks/2.30/share/em_armgcc/bin/../lib/gcc/arm-none-eabi/4.7.3/armv6-m\libgcc.a(_udivsi3.o) (__aeabi_idiv0)
c:/program files (x86)/emblocks/2.30/share/em_armgcc/bin/../lib/gcc/arm-none-eabi/4.7.3/armv6-m\libgcc.a(_fixunsdfsi.o)
                              obj\debug\src\servo.o (__aeabi_d2uiz)
c:/program files (x86)/emblocks/2.30/share/em_armgcc/bin/../lib/gcc/arm-none-eabi/4.7.3/armv6-m\libgcc.a(divsf3.o)
                              obj\debug\src\bmp180.o (__aeabi_fdiv)
c:/program files (x86)/emblocks/2.30/share/em_armgcc/bin/../lib/gcc/arm-none-eabi/4.7.3/armv6-m\libgcc.a(floatsisf.o)
                              obj\debug\src\bmp180.o (__aeabi_i2f)
c:/program files (x86)/emblocks/2.30/share/em_armgcc/bin/../lib/gcc/arm-none-eabi/4.7.3/armv6-m\libgcc.a(muldf3.o)
                              obj\debug\src\servo.o (__aeabi_dmul)
c:/program files (x86)/emblocks/2.30/share/em_armgcc/bin/../lib/gcc/arm-none-eabi/4.7.3/armv6-m\libgcc.a(subdf3.o)
                              c:/program files (x86)/emblocks/2.30/share/em_armgcc/bin/../lib/gcc/arm-none-eabi/4.7.3/armv6-m\libgcc.a(_fixunsdfsi.o) (__aeabi_dsub)
c:/program files (x86)/emblocks/2.30/share/em_armgcc/bin/../lib/gcc/arm-none-eabi/4.7.3/armv6-m\libgcc.a(fixdfsi.o)
                              c:/program files (x86)/emblocks/2.30/share/em_armgcc/bin/../lib/gcc/arm-none-eabi/4.7.3/armv6-m\libgcc.a(_fixunsdfsi.o) (__aeabi_d2iz)
c:/program files (x86)/emblocks/2.30/share/em_armgcc/bin/../lib/gcc/arm-none-eabi/4.7.3/armv6-m\libgcc.a(floatsidf.o)
                              obj\debug\src\servo.o (__aeabi_i2d)
c:/program files (x86)/emblocks/2.30/share/em_armgcc/bin/../lib/gcc/arm-none-eabi/4.7.3/armv6-m\libgcc.a(extendsfdf2.o)
                              obj\debug\src\bmp180.o (__aeabi_f2d)
c:/program files (x86)/emblocks/2.30/share/em_armgcc/bin/../lib/gcc/arm-none-eabi/4.7.3/armv6-m\libgcc.a(_arm_cmpdf2.o)
                              c:/program files (x86)/emblocks/2.30/share/em_armgcc/bin/../lib/gcc/arm-none-eabi/4.7.3/armv6-m\libgcc.a(_fixunsdfsi.o) (__aeabi_dcmpge)
c:/program files (x86)/emblocks/2.30/share/em_armgcc/bin/../lib/gcc/arm-none-eabi/4.7.3/armv6-m\libgcc.a(_clzsi2.o)
                              c:/program files (x86)/emblocks/2.30/share/em_armgcc/bin/../lib/gcc/arm-none-eabi/4.7.3/armv6-m\libgcc.a(divsf3.o) (__clzsi2)
c:/program files (x86)/emblocks/2.30/share/em_armgcc/bin/../lib/gcc/arm-none-eabi/4.7.3/armv6-m\libgcc.a(eqdf2.o)
                              c:/program files (x86)/emblocks/2.30/share/em_armgcc/bin/../lib/gcc/arm-none-eabi/4.7.3/armv6-m\libgcc.a(_arm_cmpdf2.o) (__eqdf2)
c:/program files (x86)/emblocks/2.30/share/em_armgcc/bin/../lib/gcc/arm-none-eabi/4.7.3/armv6-m\libgcc.a(gedf2.o)
                              c:/program files (x86)/emblocks/2.30/share/em_armgcc/bin/../lib/gcc/arm-none-eabi/4.7.3/armv6-m\libgcc.a(_arm_cmpdf2.o) (__gedf2)
c:/program files (x86)/emblocks/2.30/share/em_armgcc/bin/../lib/gcc/arm-none-eabi/4.7.3/armv6-m\libgcc.a(ledf2.o)
                              c:/program files (x86)/emblocks/2.30/share/em_armgcc/bin/../lib/gcc/arm-none-eabi/4.7.3/armv6-m\libgcc.a(_arm_cmpdf2.o) (__ledf2)
c:/program files (x86)/emblocks/2.30/share/em_armgcc/bin/../lib/gcc/arm-none-eabi/4.7.3/../../../../arm-none-eabi/lib/armv6-m\libc_n.a(lib_a-exit.o)
                              c:/program files (x86)/emblocks/2.30/share/em_armgcc/bin/../lib/gcc/arm-none-eabi/4.7.3/../../../../arm-none-eabi/lib/armv6-m/crt0.o (exit)
c:/program files (x86)/emblocks/2.30/share/em_armgcc/bin/../lib/gcc/arm-none-eabi/4.7.3/../../../../arm-none-eabi/lib/armv6-m\libc_n.a(lib_a-impure.o)
                              c:/program files (x86)/emblocks/2.30/share/em_armgcc/bin/../lib/gcc/arm-none-eabi/4.7.3/../../../../arm-none-eabi/lib/armv6-m\libc_n.a(lib_a-exit.o) (_global_impure_ptr)
c:/program files (x86)/emblocks/2.30/share/em_armgcc/bin/../lib/gcc/arm-none-eabi/4.7.3/../../../../arm-none-eabi/lib/armv6-m\libc_n.a(lib_a-init.o)
                              c:/program files (x86)/emblocks/2.30/share/em_armgcc/bin/../lib/gcc/arm-none-eabi/4.7.3/../../../../arm-none-eabi/lib/armv6-m/crt0.o (__libc_init_array)
c:/program files (x86)/emblocks/2.30/share/em_armgcc/bin/../lib/gcc/arm-none-eabi/4.7.3/../../../../arm-none-eabi/lib/armv6-m\libc_n.a(lib_a-memcpy-stub.o)
                              obj\debug\src\main.o (memcpy)
[...]
Memory Configuration

Name             Origin             Length             Attributes
ROM              0x08000000         0x00008000         xr
RAM              0x20000000         0x00001000         xrw
*default*        0x00000000         0xffffffff

Linker script and memory map

LOAD c:/program files (x86)/emblocks/2.30/share/em_armgcc/bin/../lib/gcc/arm-none-eabi/4.7.3/armv6-m/crti.o
LOAD c:/program files (x86)/emblocks/2.30/share/em_armgcc/bin/../lib/gcc/arm-none-eabi/4.7.3/armv6-m/crtbegin.o
LOAD c:/program files (x86)/emblocks/2.30/share/em_armgcc/bin/../lib/gcc/arm-none-eabi/4.7.3/../../../../arm-none-eabi/lib/armv6-m/crt0.o
                0x00000000                __HEAP_SIZE = 0x0
                0x00000100                __STACK_SIZE = 0x100

.text           0x08000000     0x69b0
 *(.isr_vector)
 .isr_vector    0x08000000       0xc4 obj\debug\src\startup_stm32f0xx.o
                0x08000000                __isr_vector
 *(.text*)
 .text          0x080000c4       0x60 c:/program files (x86)/emblocks/2.30/share/em_armgcc/bin/../lib/gcc/arm-none-eabi/4.7.3/armv6-m/crtbegin.o
 .text          0x08000124       0x78 c:/program files (x86)/emblocks/2.30/share/em_armgcc/bin/../lib/gcc/arm-none-eabi/4.7.3/../../../../arm-none-eabi/lib/armv6-m/crt0.o
                0x08000124                _start
                0x08000124                _mainCRTStartup
 .text.GPIO_Init
                0x0800019c      0x138 obj\debug\spl\src\stm32f0xx_gpio.o
                0x0800019c                GPIO_Init
 .text.GPIO_SetBits
                0x080002d4       0x1c obj\debug\spl\src\stm32f0xx_gpio.o
                0x080002d4                GPIO_SetBits
 .text.GPIO_ResetBits
                0x080002f0       0x1c obj\debug\spl\src\stm32f0xx_gpio.o
                0x080002f0                GPIO_ResetBits
 .text.GPIO_PinAFConfig
                0x0800030c       0x9c obj\debug\spl\src\stm32f0xx_gpio.o
                0x0800030c                GPIO_PinAFConfig
 .text.I2C_Init
                0x080003a8       0xd0 obj\debug\spl\src\stm32f0xx_i2c.o
                0x080003a8                I2C_Init
 .text.I2C_Cmd  0x08000478       0x3c obj\debug\spl\src\stm32f0xx_i2c.o
                0x08000478                I2C_Cmd
 .text.I2C_GenerateSTOP
                0x080004b4       0x3c obj\debug\spl\src\stm32f0xx_i2c.o
                0x080004b4                I2C_GenerateSTOP
 .text.I2C_AcknowledgeConfig
                0x080004f0       0x3c obj\debug\spl\src\stm32f0xx_i2c.o
                0x080004f0                I2C_AcknowledgeConfig
 .text.I2C_TransferHandling
                0x0800052c       0x60 obj\debug\spl\src\stm32f0xx_i2c.o
                0x0800052c                I2C_TransferHandling
 .text.I2C_SendData
                0x0800058c       0x1c obj\debug\spl\src\stm32f0xx_i2c.o
                0x0800058c                I2C_SendData
 .text.I2C_ReceiveData
                0x080005a8       0x18 obj\debug\spl\src\stm32f0xx_i2c.o
                0x080005a8                I2C_ReceiveData
 .text.I2C_GetFlagStatus
                0x080005c0       0x4c obj\debug\spl\src\stm32f0xx_i2c.o
                0x080005c0                I2C_GetFlagStatus
 .text.NVIC_Init
                0x0800060c       0xac obj\debug\spl\src\stm32f0xx_misc.o
                0x0800060c                NVIC_Init
 .text.RCC_GetClocksFreq
                0x080006b8      0x264 obj\debug\spl\src\stm32f0xx_rcc.o
                0x080006b8                RCC_GetClocksFreq
 .text.RCC_AHBPeriphClockCmd
                0x0800091c       0x3c obj\debug\spl\src\stm32f0xx_rcc.o
                0x0800091c                RCC_AHBPeriphClockCmd
 .text.RCC_APB2PeriphClockCmd
                0x08000958       0x3c obj\debug\spl\src\stm32f0xx_rcc.o
                0x08000958                RCC_APB2PeriphClockCmd
 .text.RCC_APB1PeriphClockCmd
                0x08000994       0x3c obj\debug\spl\src\stm32f0xx_rcc.o
                0x08000994                RCC_APB1PeriphClockCmd
 .text.TIM_TimeBaseInit
                0x080009d0       0xf0 obj\debug\spl\src\stm32f0xx_tim.o
                0x080009d0                TIM_TimeBaseInit
 .text.TIM_Cmd  0x08000ac0       0x40 obj\debug\spl\src\stm32f0xx_tim.o
                0x08000ac0                TIM_Cmd
 .text.TIM_CtrlPWMOutputs
                0x08000b00       0x4c obj\debug\spl\src\stm32f0xx_tim.o
                0x08000b00                TIM_CtrlPWMOutputs
 .text.TIM_OC1Init
                0x08000b4c      0x1a4 obj\debug\spl\src\stm32f0xx_tim.o
                0x08000b4c                TIM_OC1Init
 .text.TIM_OC1PreloadConfig
                0x08000cf0       0x54 obj\debug\spl\src\stm32f0xx_tim.o
                0x08000cf0                TIM_OC1PreloadConfig
 .text.USART_Init
                0x08000d44      0x174 obj\debug\spl\src\stm32f0xx_usart.o
                0x08000d44                USART_Init
 .text.USART_Cmd
                0x08000eb8       0x3c obj\debug\spl\src\stm32f0xx_usart.o
                0x08000eb8                USART_Cmd
 .text.USART_SendData
                0x08000ef4       0x24 obj\debug\spl\src\stm32f0xx_usart.o
                0x08000ef4                USART_SendData
 .text.USART_ReceiveData
                0x08000f18       0x1c obj\debug\spl\src\stm32f0xx_usart.o
                0x08000f18                USART_ReceiveData
 .text.USART_ITConfig
                0x08000f34       0x84 obj\debug\spl\src\stm32f0xx_usart.o
                0x08000f34                USART_ITConfig
 .text.USART_GetFlagStatus
                0x08000fb8       0x3c obj\debug\spl\src\stm32f0xx_usart.o
                0x08000fb8                USART_GetFlagStatus
 .text.USART_GetITStatus
                0x08000ff4       0xb4 obj\debug\spl\src\stm32f0xx_usart.o
                0x08000ff4                USART_GetITStatus
 .text.debugInit
                0x080010a8       0x8c obj\debug\src\debug.o
                0x080010a8                debugInit
 .text.debugSend
                0x08001134       0x70 obj\debug\src\debug.o
                0x08001134                debugSend
 .text.debugSend2
                0x080011a4       0x60 obj\debug\src\debug.o
                0x080011a4                debugSend2
 .text.USART1_IRQHandler
                0x08001204       0x48 obj\debug\src\debug.o
                0x08001204                USART1_IRQHandler
 .text._printfLngS
                0x0800124c       0x44 obj\debug\src\debug.o
                0x0800124c                _printfLngS
 .text.NVIC_SystemReset
                0x08001290       0x1c obj\debug\src\sim808.o
 .text.simInit  0x080012ac       0x8c obj\debug\src\sim808.o
                0x080012ac                simInit
 .text.simSend  0x08001338       0x84 obj\debug\src\sim808.o
                0x08001338                simSend
 .text.simSendRaw
                0x080013bc       0x68 obj\debug\src\sim808.o
                0x080013bc                simSendRaw
 .text.simTransmit
                0x08001424      0x110 obj\debug\src\sim808.o
                0x08001424                simTransmit
 .text.flushReceiveBuffer
                0x08001534       0x44 obj\debug\src\sim808.o
                0x08001534                flushReceiveBuffer
 .text.simAvailable
                0x08001578       0x28 obj\debug\src\sim808.o
                0x08001578                simAvailable
 .text.USART2_IRQHandler
                0x080015a0       0x50 obj\debug\src\sim808.o
                0x080015a0                USART2_IRQHandler
 .text.nethandler_umqtt_init
                0x080015f0       0x48 obj\debug\src\sim808.o
                0x080015f0                nethandler_umqtt_init
 .text.simCheckResult
                0x08001638       0x74 obj\debug\src\sim808.o
                0x08001638                simCheckResult
 .text.simNetReg
                0x080016ac       0x4c obj\debug\src\sim808.o
                0x080016ac                simNetReg
 .text.simGPRSAttached
                0x080016f8       0x34 obj\debug\src\sim808.o
                0x080016f8                simGPRSAttached
 .text.simBatteryCheck
                0x0800172c       0xc0 obj\debug\src\sim808.o
                0x0800172c                simBatteryCheck
 .text.simGPSStart
                0x080017ec       0x6c obj\debug\src\sim808.o
                0x080017ec                simGPSStart
 .text.simGPSRestartCold
                0x08001858       0x4c obj\debug\src\sim808.o
                0x08001858                simGPSRestartCold
 .text.initGPS  0x080018a4       0x1c obj\debug\src\sim808.o
                0x080018a4                initGPS
 .text.simGPSInfo
                0x080018c0       0x98 obj\debug\src\sim808.o
                0x080018c0                simGPSInfo
 .text.simGPSStatus
                0x08001958       0x8c obj\debug\src\sim808.o
                0x08001958                simGPSStatus
 .text.simNoEcho
                0x080019e4       0x34 obj\debug\src\sim808.o
                0x080019e4                simNoEcho
 .text.simResetIPSession
                0x08001a18       0x68 obj\debug\src\sim808.o
                0x08001a18                simResetIPSession
 .text.simMUX   0x08001a80       0x34 obj\debug\src\sim808.o
                0x08001a80                simMUX
 .text.simAPN   0x08001ab4       0x34 obj\debug\src\sim808.o
                0x08001ab4                simAPN
 .text.simPing  0x08001ae8       0x6c obj\debug\src\sim808.o
                0x08001ae8                simPing
 .text.simUpdateState
                0x08001b54      0x160 obj\debug\src\sim808.o
                0x08001b54                simUpdateState
 .text.checkInitalStatus
                0x08001cb4      0x284 obj\debug\src\sim808.o
                0x08001cb4                checkInitalStatus
 .text.whatStateAmIIn
                0x08001f38       0xc8 obj\debug\src\sim808.o
                0x08001f38                whatStateAmIIn
 .text.simConnect
                0x08002000      0x1c0 obj\debug\src\sim808.o
                0x08002000                simConnect
 .text.pressureAverage
                0x080021c0       0x88 obj\debug\src\bmp180.o
                0x080021c0                pressureAverage
 .text.writeCommand
                0x08002248       0x88 obj\debug\src\bmp180.o
 .text.read8    0x080022d0       0xac obj\debug\src\bmp180.o
                0x080022d0                read8
 .text.read16   0x0800237c       0x8c obj\debug\src\bmp180.o
                0x0800237c                read16
 .text.readRawTemperature
                0x08002408       0x40 obj\debug\src\bmp180.o
                0x08002408                readRawTemperature
 .text.readRawPressure
                0x08002448       0x88 obj\debug\src\bmp180.o
                0x08002448                readRawPressure
 .text.getPressure
                0x080024d0      0x184 obj\debug\src\bmp180.o
                0x080024d0                getPressure
 .text.bmp180_get_calib_param
                0x08002654      0x2bc obj\debug\src\bmp180.o
                0x08002654                bmp180_get_calib_param
 .text.NVIC_SystemReset
                0x08002910       0x1c obj\debug\src\main.o
 .text.main     0x0800292c      0x390 obj\debug\src\main.o
                0x0800292c                main
 .text.gpioInit
                0x08002cbc      0x194 obj\debug\src\main.o
                0x08002cbc                gpioInit
 .text.recievePacket
                0x08002e50      0x1cc obj\debug\src\main.o
                0x08002e50                recievePacket
 .text.servoInit
                0x0800301c       0x9c obj\debug\src\servo.o
                0x0800301c                servoInit
 .text.servoSet
                0x080030b8       0x48 obj\debug\src\servo.o
                0x080030b8                servoSet
 .text.servoUp  0x08003100       0x14 obj\debug\src\servo.o
                0x08003100                servoUp
 .text.servoDown
                0x08003114       0x14 obj\debug\src\servo.o
                0x08003114                servoDown
 .text.servoDrop
                0x08003128       0x14 obj\debug\src\servo.o
                0x08003128                servoDrop
 .text.servoNone
                0x0800313c       0x14 obj\debug\src\servo.o
                0x0800313c                servoNone
 .text          0x08003150       0xa0 obj\debug\src\startup_stm32f0xx.o
                0x08003150                Reset_Handler
                0x0800319a                NMI_Handler
                0x0800319c                HardFault_Handler
                0x0800319e                SVC_Handler
                0x080031a0                PendSV_Handler
                0x080031a4                Default_Handler
                0x080031a6                WWDG_IRQHandler
                0x080031a8                PVD_IRQHandler
                0x080031aa                RTC_IRQHandler
                0x080031ac                FLASH_IRQHandler
                0x080031ae                RCC_IRQHandler
                0x080031b0                EXTI0_1_IRQHandler
                0x080031b2                EXTI2_3_IRQHandler
                0x080031b4                EXTI4_15_IRQHandler
                0x080031b6                TS_IRQHandler
                0x080031b8                DMA1_Channel1_IRQHandler
                0x080031ba                DMA1_Channel2_3_IRQHandler
                0x080031bc                DMA1_Channel4_5_IRQHandler
                0x080031be                ADC1_COMP_IRQHandler
                0x080031c0                TIM1_BRK_UP_TRG_COM_IRQHandler
                0x080031c2                TIM1_CC_IRQHandler
                0x080031c4                TIM2_IRQHandler
                0x080031c6                TIM3_IRQHandler
                0x080031c8                TIM6_DAC_IRQHandler
                0x080031ca                TIM7_IRQHandler
                0x080031cc                TIM14_IRQHandler
                0x080031ce                TIM15_IRQHandler
                0x080031d0                TIM16_IRQHandler
                0x080031d2                TIM17_IRQHandler
                0x080031d4                I2C1_IRQHandler
                0x080031d6                I2C2_IRQHandler
                0x080031d8                SPI1_IRQHandler
                0x080031da                SPI2_IRQHandler
                0x080031e0                USART3_4_IRQHandler
                0x080031e2                CEC_IRQHandler
                0x080031e4                USB_IRQHandler
                0x080031e6                BootRAM
 .text.SystemInit
                0x080031f0       0x8c obj\debug\src\system_stm32f0xx.o
                0x080031f0                SystemInit
 .text.SetSysClock
                0x0800327c       0xe0 obj\debug\src\system_stm32f0xx.o
 .text.NVIC_SetPriority
                0x0800335c       0xe0 obj\debug\src\timing.o
 .text.NVIC_SystemReset
                0x0800343c       0x1c obj\debug\src\timing.o
 .text.SysTick_Config
                0x08003458       0x4c obj\debug\src\timing.o
 .text.initDelay
                0x080034a4       0x48 obj\debug\src\timing.o
                0x080034a4                initDelay
 .text.delayMilliIT
                0x080034ec       0x24 obj\debug\src\timing.o
                0x080034ec                delayMilliIT
 .text.TimingDelay_Decrement
                0x08003510       0x20 obj\debug\src\timing.o
                0x08003510                TimingDelay_Decrement
 .text.SysTick_Handler
                0x08003530       0x54 obj\debug\src\timing.o
                0x08003530                SysTick_Handler
 .text.resetWatchdog
                0x08003584       0x14 obj\debug\src\timing.o
                0x08003584                resetWatchdog
 .text.umqtt_encode_length
                0x08003598       0x64 obj\debug\src\umqtt.o
 .text.umqtt_circ_init
                0x080035fc       0x1c obj\debug\src\umqtt.o
                0x080035fc                umqtt_circ_init
 .text.umqtt_circ_push
                0x08003618       0x9c obj\debug\src\umqtt.o
                0x08003618                umqtt_circ_push
 .text.umqtt_init
                0x080036b4       0x30 obj\debug\src\umqtt.o
                0x080036b4                umqtt_init
 .text.umqtt_connect
                0x080036e4      0x1ec obj\debug\src\umqtt.o
                0x080036e4                umqtt_connect
 .text.umqtt_subscribe
                0x080038d0      0x130 obj\debug\src\umqtt.o
                0x080038d0                umqtt_subscribe
 .text.umqtt_publish
                0x08003a00       0xa4 obj\debug\src\umqtt.o
                0x08003a00                umqtt_publish
 .text.umqtt_disconnect
                0x08003aa4       0x30 obj\debug\src\umqtt.o
                0x08003aa4                umqtt_disconnect
 .text          0x08003ad4       0x9c c:/program files (x86)/emblocks/2.30/share/em_armgcc/bin/../lib/gcc/arm-none-eabi/4.7.3/armv6-m\libgcc.a(_udivsi3.o)
                0x08003ad4                __aeabi_uidiv
                0x08003ad4                __udivsi3
                0x08003b5c                __aeabi_uidivmod
 .text          0x08003b70       0xc0 c:/program files (x86)/emblocks/2.30/share/em_armgcc/bin/../lib/gcc/arm-none-eabi/4.7.3/armv6-m\libgcc.a(_divsi3.o)
                0x08003b70                __divsi3
                0x08003b70                __aeabi_idiv
                0x08003c1c                __aeabi_idivmod
 .text          0x08003c30        0x4 c:/program files (x86)/emblocks/2.30/share/em_armgcc/bin/../lib/gcc/arm-none-eabi/4.7.3/armv6-m\libgcc.a(_dvmd_tls.o)
                0x08003c30                __aeabi_idiv0
                0x08003c30                __aeabi_ldiv0
 *fill*         0x08003c34        0x4 
 .text          0x08003c38       0x40 c:/program files (x86)/emblocks/2.30/share/em_armgcc/bin/../lib/gcc/arm-none-eabi/4.7.3/armv6-m\libgcc.a(_fixunsdfsi.o)
                0x08003c38                __aeabi_d2uiz
                0x08003c38                __fixunsdfsi
 .text          0x08003c78      0x4e8 c:/program files (x86)/emblocks/2.30/share/em_armgcc/bin/../lib/gcc/arm-none-eabi/4.7.3/armv6-m\libgcc.a(muldf3.o)
                0x08003c78                __aeabi_dmul
 .text          0x08004160      0x708 c:/program files (x86)/emblocks/2.30/share/em_armgcc/bin/../lib/gcc/arm-none-eabi/4.7.3/armv6-m\libgcc.a(subdf3.o)
                0x08004160                __aeabi_dsub
 .text          0x08004868       0x68 c:/program files (x86)/emblocks/2.30/share/em_armgcc/bin/../lib/gcc/arm-none-eabi/4.7.3/armv6-m\libgcc.a(fixdfsi.o)
                0x08004868                __aeabi_d2iz
 .text          0x080048d0       0x7c c:/program files (x86)/emblocks/2.30/share/em_armgcc/bin/../lib/gcc/arm-none-eabi/4.7.3/armv6-m\libgcc.a(floatsidf.o)
                0x080048d0                __aeabi_i2d
 .text          0x0800494c       0x7c c:/program files (x86)/emblocks/2.30/share/em_armgcc/bin/../lib/gcc/arm-none-eabi/4.7.3/armv6-m\libgcc.a(_arm_cmpdf2.o)
                0x0800494c                __aeabi_cdrcmple
                0x0800495c                __aeabi_cdcmple
                0x0800495c                __aeabi_cdcmpeq
                0x0800496c                __aeabi_dcmpeq
                0x08004978                __aeabi_dcmplt
                0x0800498c                __aeabi_dcmple
                0x080049a0                __aeabi_dcmpgt
                0x080049b4                __aeabi_dcmpge
 .text          0x080049c8       0x3c c:/program files (x86)/emblocks/2.30/share/em_armgcc/bin/../lib/gcc/arm-none-eabi/4.7.3/armv6-m\libgcc.a(_clzsi2.o)
                0x080049c8                __clzsi2
 .text          0x08004a04       0x80 c:/program files (x86)/emblocks/2.30/share/em_armgcc/bin/../lib/gcc/arm-none-eabi/4.7.3/armv6-m\libgcc.a(eqdf2.o)
                0x08004a04                __nedf2
                0x08004a04                __eqdf2
 .text          0x08004a84       0xe0 c:/program files (x86)/emblocks/2.30/share/em_armgcc/bin/../lib/gcc/arm-none-eabi/4.7.3/armv6-m\libgcc.a(gedf2.o)
                0x08004a84                __gedf2
                0x08004a84                __gtdf2
 .text          0x08004b64       0xc0 c:/program files (x86)/emblocks/2.30/share/em_armgcc/bin/../lib/gcc/arm-none-eabi/4.7.3/armv6-m\libgcc.a(ledf2.o)
                0x08004b64                __ledf2
                0x08004b64                __ltdf2
 .text.exit     0x08004c24       0x2c c:/program files (x86)/emblocks/2.30/share/em_armgcc/bin/../lib/gcc/arm-none-eabi/4.7.3/../../../../arm-none-eabi/lib/armv6-m\libc_n.a(lib_a-exit.o)
                0x08004c24                exit
 .text.__libc_init_array
                0x08004c50       0x4c c:/program files (x86)/emblocks/2.30/share/em_armgcc/bin/../lib/gcc/arm-none-eabi/4.7.3/../../../../arm-none-eabi/lib/armv6-m\libc_n.a(lib_a-init.o)
                0x08004c50                __libc_init_array
 .text.memcpy   0x08004c9c       0x12 c:/program files (x86)/emblocks/2.30/share/em_armgcc/bin/../lib/gcc/arm-none-eabi/4.7.3/../../../../arm-none-eabi/lib/armv6-m\libc_n.a(lib_a-memcpy-stub.o)
                0x08004c9c                memcpy
 .text.memset   0x08004cae       0x12 c:/program files (x86)/emblocks/2.30/share/em_armgcc/bin/../lib/gcc/arm-none-eabi/4.7.3/../../../../arm-none-eabi/lib/armv6-m\libc_n.a(lib_a-memset.o)
                0x08004cae                memset
 .text.sprintf  0x08004cc0       0x44 c:/program files (x86)/emblocks/2.30/share/em_armgcc/bin/../lib/gcc/arm-none-eabi/4.7.3/../../../../arm-none-eabi/lib/armv6-m\libc_n.a(lib_a-sprintf.o)
                0x08004cc0                siprintf
                0x08004cc0                sprintf
 .text.sscanf   0x08004d04       0x50 c:/program files (x86)/emblocks/2.30/share/em_armgcc/bin/../lib/gcc/arm-none-eabi/4.7.3/../../../../arm-none-eabi/lib/armv6-m\libc_n.a(lib_a-sscanf.o)
                0x08004d04                siscanf
                0x08004d04                sscanf
 .text.__seofread
                0x08004d54        0x4 c:/program files (x86)/emblocks/2.30/share/em_armgcc/bin/../lib/gcc/arm-none-eabi/4.7.3/../../../../arm-none-eabi/lib/armv6-m\libc_n.a(lib_a-stdio.o)
                0x08004d54                __seofread
 .text.strchr   0x08004d58       0x1e c:/program files (x86)/emblocks/2.30/share/em_armgcc/bin/../lib/gcc/arm-none-eabi/4.7.3/../../../../arm-none-eabi/lib/armv6-m\libc_n.a(lib_a-strchr.o)
                0x08004d58                strchr
 .text.strlen   0x08004d76        0xe c:/program files (x86)/emblocks/2.30/share/em_armgcc/bin/../lib/gcc/arm-none-eabi/4.7.3/../../../../arm-none-eabi/lib/armv6-m\libc_n.a(lib_a-strlen.o)
                0x08004d76                strlen
 .text.strstr   0x08004d84       0x30 c:/program files (x86)/emblocks/2.30/share/em_armgcc/bin/../lib/gcc/arm-none-eabi/4.7.3/../../../../arm-none-eabi/lib/armv6-m\libc_n.a(lib_a-strstr.o)
                0x08004d84                strstr
 .text.__ssputs_r
                0x08004db4       0xc8 c:/program files (x86)/emblocks/2.30/share/em_armgcc/bin/../lib/gcc/arm-none-eabi/4.7.3/../../../../arm-none-eabi/lib/armv6-m\libc_n.a(lib_a-svfprintf.o)
                0x08004db4                __ssputs_r
 .text._svfprintf_r
                0x08004e7c      0x1e8 c:/program files (x86)/emblocks/2.30/share/em_armgcc/bin/../lib/gcc/arm-none-eabi/4.7.3/../../../../arm-none-eabi/lib/armv6-m\libc_n.a(lib_a-svfprintf.o)
                0x08004e7c                _svfiprintf_r
                0x08004e7c                _svfprintf_r
 .text._sungetc_r
                0x08005064       0x7a c:/program files (x86)/emblocks/2.30/share/em_armgcc/bin/../lib/gcc/arm-none-eabi/4.7.3/../../../../arm-none-eabi/lib/armv6-m\libc_n.a(lib_a-svfscanf.o)
                0x08005064                _sungetc_r
 .text.__ssrefill_r
                0x080050de       0x3e c:/program files (x86)/emblocks/2.30/share/em_armgcc/bin/../lib/gcc/arm-none-eabi/4.7.3/../../../../arm-none-eabi/lib/armv6-m\libc_n.a(lib_a-svfscanf.o)
                0x080050de                __ssrefill_r
 .text.__ssvfscanf_r
                0x0800511c      0x2b8 c:/program files (x86)/emblocks/2.30/share/em_armgcc/bin/../lib/gcc/arm-none-eabi/4.7.3/../../../../arm-none-eabi/lib/armv6-m\libc_n.a(lib_a-svfscanf.o)
                0x0800511c                __ssvfiscanf_r
                0x0800511c                __ssvfscanf_r
 .text.__submore
                0x080053d4       0x74 c:/program files (x86)/emblocks/2.30/share/em_armgcc/bin/../lib/gcc/arm-none-eabi/4.7.3/../../../../arm-none-eabi/lib/armv6-m\libc_n.a(lib_a-ungetc.o)
                0x080053d4                __submore
 .text._printf_common
                0x08005448       0xe6 c:/program files (x86)/emblocks/2.30/share/em_armgcc/bin/../lib/gcc/arm-none-eabi/4.7.3/../../../../arm-none-eabi/lib/armv6-m\libc_n.a(lib_a-vfprintf_i.o)
                0x08005448                _printf_common
 *fill*         0x0800552e        0x2 
 .text._printf_i
                0x08005530      0x248 c:/program files (x86)/emblocks/2.30/share/em_armgcc/bin/../lib/gcc/arm-none-eabi/4.7.3/../../../../arm-none-eabi/lib/armv6-m\libc_n.a(lib_a-vfprintf_i.o)
                0x08005530                _printf_i
 .text._scanf_chars
                0x08005778       0xc8 c:/program files (x86)/emblocks/2.30/share/em_armgcc/bin/../lib/gcc/arm-none-eabi/4.7.3/../../../../arm-none-eabi/lib/armv6-m\libc_n.a(lib_a-vfscanf_i.o)
                0x08005778                _scanf_chars
 .text._scanf_i
                0x08005840      0x1f8 c:/program files (x86)/emblocks/2.30/share/em_armgcc/bin/../lib/gcc/arm-none-eabi/4.7.3/../../../../arm-none-eabi/lib/armv6-m\libc_n.a(lib_a-vfscanf_i.o)
                0x08005840                _scanf_i
 .text.memchr   0x08005a38       0x18 c:/program files (x86)/emblocks/2.30/share/em_armgcc/bin/../lib/gcc/arm-none-eabi/4.7.3/../../../../arm-none-eabi/lib/armv6-m\libc_n.a(lib_a-memchr-stub.o)
                0x08005a38                memchr
 .text.memmove  0x08005a50       0x30 c:/program files (x86)/emblocks/2.30/share/em_armgcc/bin/../lib/gcc/arm-none-eabi/4.7.3/../../../../arm-none-eabi/lib/armv6-m\libc_n.a(lib_a-memmove.o)
                0x08005a50                memmove
 .text._free_r  0x08005a80       0x9c c:/program files (x86)/emblocks/2.30/share/em_armgcc/bin/../lib/gcc/arm-none-eabi/4.7.3/../../../../arm-none-eabi/lib/armv6-m\libc_n.a(lib_a-nano-freer.o)
                0x08005a80                _free_r
 .text._malloc_r
                0x08005b1c       0xb0 c:/program files (x86)/emblocks/2.30/share/em_armgcc/bin/../lib/gcc/arm-none-eabi/4.7.3/../../../../arm-none-eabi/lib/armv6-m\libc_n.a(lib_a-nano-mallocr.o)
                0x08005b1c                _malloc_r
 .text._realloc_r
                0x08005bcc       0x4e c:/program files (x86)/emblocks/2.30/share/em_armgcc/bin/../lib/gcc/arm-none-eabi/4.7.3/../../../../arm-none-eabi/lib/armv6-m\libc_n.a(lib_a-nano-reallocr.o)
                0x08005bcc                _realloc_r
 *fill*         0x08005c1a        0x2 
 .text._sbrk_r  0x08005c1c       0x24 c:/program files (x86)/emblocks/2.30/share/em_armgcc/bin/../lib/gcc/arm-none-eabi/4.7.3/../../../../arm-none-eabi/lib/armv6-m\libc_n.a(lib_a-sbrkr.o)
                0x08005c1c                _sbrk_r
 .text.__sccl   0x08005c40       0x68 c:/program files (x86)/emblocks/2.30/share/em_armgcc/bin/../lib/gcc/arm-none-eabi/4.7.3/../../../../arm-none-eabi/lib/armv6-m\libc_n.a(lib_a-sccl.o)
                0x08005c40                __sccl
 .text._strtol_r
                0x08005ca8      0x120 c:/program files (x86)/emblocks/2.30/share/em_armgcc/bin/../lib/gcc/arm-none-eabi/4.7.3/../../../../arm-none-eabi/lib/armv6-m\libc_n.a(lib_a-strtol.o)
                0x08005ca8                _strtol_r
 .text._strtoul_r
                0x08005dc8      0x108 c:/program files (x86)/emblocks/2.30/share/em_armgcc/bin/../lib/gcc/arm-none-eabi/4.7.3/../../../../arm-none-eabi/lib/armv6-m\libc_n.a(lib_a-strtoul.o)
                0x08005dc8                _strtoul_r
 .text._malloc_usable_size_r
                0x08005ed0       0x14 c:/program files (x86)/emblocks/2.30/share/em_armgcc/bin/../lib/gcc/arm-none-eabi/4.7.3/../../../../arm-none-eabi/lib/armv6-m\libc_n.a(lib_a-nano-msizer.o)
                0x08005ed0                _malloc_usable_size_r
 .text._sbrk    0x08005ee4       0x38 c:/program files (x86)/emblocks/2.30/share/em_armgcc/bin/../lib/gcc/arm-none-eabi/4.7.3/../../../../arm-none-eabi/lib/armv6-m\libnosys.a(sbrk.o)
                0x08005ee4                _sbrk
 .text._exit    0x08005f1c        0x4 c:/program files (x86)/emblocks/2.30/share/em_armgcc/bin/../lib/gcc/arm-none-eabi/4.7.3/../../../../arm-none-eabi/lib/armv6-m\libnosys.a(_exit.o)
                0x08005f1c                _exit
 *(.init)
 .init          0x08005f20        0x4 c:/program files (x86)/emblocks/2.30/share/em_armgcc/bin/../lib/gcc/arm-none-eabi/4.7.3/armv6-m/crti.o
                0x08005f20                _init
 .init          0x08005f24        0x8 c:/program files (x86)/emblocks/2.30/share/em_armgcc/bin/../lib/gcc/arm-none-eabi/4.7.3/armv6-m/crtn.o
 *(.fini)
 .fini          0x08005f2c        0x4 c:/program files (x86)/emblocks/2.30/share/em_armgcc/bin/../lib/gcc/arm-none-eabi/4.7.3/armv6-m/crti.o
                0x08005f2c                _fini
 .fini          0x08005f30        0x8 c:/program files (x86)/emblocks/2.30/share/em_armgcc/bin/../lib/gcc/arm-none-eabi/4.7.3/armv6-m/crtn.o
 *crtbegin.o(.ctors)
 *crtbegin?.o(.ctors)
 *(EXCLUDE_FILE(*crtend.o *crtend?.o) .ctors)
 *(SORT(.ctors.*))
 *(.ctors)
 *crtbegin.o(.dtors)
 *crtbegin?.o(.dtors)
 *(EXCLUDE_FILE(*crtend.o *crtend?.o) .dtors)
 *(SORT(.dtors.*))
 *(.dtors)
 *(.rodata*)
 .rodata        0x08005f38       0x10 obj\debug\src\debug.o
 .rodata        0x08005f48      0x570 obj\debug\src\sim808.o
 .rodata.whatStateAmIIn
                0x080064b8       0x30 obj\debug\src\sim808.o
 .rodata        0x080064e8       0x20 obj\debug\src\bmp180.o
 .rodata        0x08006508      0x28c obj\debug\src\main.o
 .rodata        0x08006794       0x14 obj\debug\src\timing.o
 .rodata        0x080067a8       0x40 c:/program files (x86)/emblocks/2.30/share/em_armgcc/bin/../lib/gcc/arm-none-eabi/4.7.3/armv6-m\libgcc.a(muldf3.o)
 .rodata.str1.1
                0x080067e8        0x2 c:/program files (x86)/emblocks/2.30/share/em_armgcc/bin/../lib/gcc/arm-none-eabi/4.7.3/../../../../arm-none-eabi/lib/armv6-m\libc_n.a(lib_a-impure.o)
 *fill*         0x080067ea        0x2 
 .rodata._global_impure_ptr
                0x080067ec        0x4 c:/program files (x86)/emblocks/2.30/share/em_armgcc/bin/../lib/gcc/arm-none-eabi/4.7.3/../../../../arm-none-eabi/lib/armv6-m\libc_n.a(lib_a-impure.o)
                0x080067ec                _global_impure_ptr
 .rodata.str1.1
                0x080067f0       0x11 c:/program files (x86)/emblocks/2.30/share/em_armgcc/bin/../lib/gcc/arm-none-eabi/4.7.3/../../../../arm-none-eabi/lib/armv6-m\libc_n.a(lib_a-svfprintf.o)
 .rodata.str1.1
                0x00000000        0x4 c:/program files (x86)/emblocks/2.30/share/em_armgcc/bin/../lib/gcc/arm-none-eabi/4.7.3/../../../../arm-none-eabi/lib/armv6-m\libc_n.a(lib_a-svfscanf.o)
 .rodata.str1.1
                0x08006801       0x22 c:/program files (x86)/emblocks/2.30/share/em_armgcc/bin/../lib/gcc/arm-none-eabi/4.7.3/../../../../arm-none-eabi/lib/armv6-m\libc_n.a(lib_a-vfprintf_i.o)
 *fill*         0x08006823        0x1 
 .rodata        0x08006824        0xc c:/program files (x86)/emblocks/2.30/share/em_armgcc/bin/../lib/gcc/arm-none-eabi/4.7.3/../../../../arm-none-eabi/lib/armv6-m\libc_n.a(lib_a-vfscanf_i.o)
 .rodata.str1.1
                0x08006830       0x1b c:/program files (x86)/emblocks/2.30/share/em_armgcc/bin/../lib/gcc/arm-none-eabi/4.7.3/../../../../arm-none-eabi/lib/armv6-m\libc_n.a(lib_a-vfscanf_i.o)
 .rodata._ctype_
                0x0800684b      0x101 c:/program files (x86)/emblocks/2.30/share/em_armgcc/bin/../lib/gcc/arm-none-eabi/4.7.3/../../../../arm-none-eabi/lib/armv6-m\libc_n.a(lib_a-ctype_.o)
                0x0800684b                _ctype_
 .rodata.__sf_fake_stdin
                0x0800694c       0x20 c:/program files (x86)/emblocks/2.30/share/em_armgcc/bin/../lib/gcc/arm-none-eabi/4.7.3/../../../../arm-none-eabi/lib/armv6-m\libc_n.a(lib_a-findfp.o)
                0x0800694c                __sf_fake_stdin
 .rodata.__sf_fake_stdout
                0x0800696c       0x20 c:/program files (x86)/emblocks/2.30/share/em_armgcc/bin/../lib/gcc/arm-none-eabi/4.7.3/../../../../arm-none-eabi/lib/armv6-m\libc_n.a(lib_a-findfp.o)
                0x0800696c                __sf_fake_stdout
 .rodata.__sf_fake_stderr
                0x0800698c       0x20 c:/program files (x86)/emblocks/2.30/share/em_armgcc/bin/../lib/gcc/arm-none-eabi/4.7.3/../../../../arm-none-eabi/lib/armv6-m\libc_n.a(lib_a-findfp.o)
                0x0800698c                __sf_fake_stderr
 *(.eh_frame*)
 .eh_frame      0x080069ac        0x0 c:/program files (x86)/emblocks/2.30/share/em_armgcc/bin/../lib/gcc/arm-none-eabi/4.7.3/armv6-m/crtbegin.o
 .eh_frame      0x080069ac        0x4 c:/program files (x86)/emblocks/2.30/share/em_armgcc/bin/../lib/gcc/arm-none-eabi/4.7.3/armv6-m/crtend.o

.glue_7         0x080069b0        0x0
 .glue_7        0x00000000        0x0 linker stubs

.glue_7t        0x080069b0        0x0
 .glue_7t       0x00000000        0x0 linker stubs

.vfp11_veneer   0x080069b0        0x0
 .vfp11_veneer  0x00000000        0x0 linker stubs

.v4_bx          0x080069b0        0x0
 .v4_bx         0x00000000        0x0 linker stubs

.iplt           0x080069b0        0x0
 .iplt          0x00000000        0x0 c:/program files (x86)/emblocks/2.30/share/em_armgcc/bin/../lib/gcc/arm-none-eabi/4.7.3/armv6-m/crtbegin.o

.ARM.extab
 *(.ARM.extab* .gnu.linkonce.armextab.*)
                0x080069b0                __exidx_start = .

.ARM.exidx      0x080069b0        0x8
 *(.ARM.exidx* .gnu.linkonce.armexidx.*)
 .ARM.exidx     0x080069b0        0x8 c:/program files (x86)/emblocks/2.30/share/em_armgcc/bin/../lib/gcc/arm-none-eabi/4.7.3/../../../../arm-none-eabi/lib/armv6-m/crt0.o
                0x080069b8                __exidx_end = .
                0x080069b8                __etext = .

.rel.dyn        0x080069b8        0x0
 .rel.iplt      0x00000000        0x0 c:/program files (x86)/emblocks/2.30/share/em_armgcc/bin/../lib/gcc/arm-none-eabi/4.7.3/armv6-m/crtbegin.o

.data           0x20000000       0xcc load address 0x080069b8
                0x20000000                __data_start__ = .
 *(vtable)
 *(.data*)
 .data.APBAHBPrescTable
                0x20000000       0x10 obj\debug\spl\src\stm32f0xx_rcc.o
 .data.connackAccept
                0x20000010        0x4 obj\debug\src\main.o
                0x20000010                connackAccept
 .data.mqtt     0x20000014       0x44 obj\debug\src\main.o
                0x20000014                mqtt
 .data.SystemCoreClock
                0x20000058        0x4 obj\debug\src\system_stm32f0xx.o
                0x20000058                SystemCoreClock
 .data.impure_data
                0x2000005c       0x60 c:/program files (x86)/emblocks/2.30/share/em_armgcc/bin/../lib/gcc/arm-none-eabi/4.7.3/../../../../arm-none-eabi/lib/armv6-m\libc_n.a(lib_a-impure.o)
 .data._impure_ptr
                0x200000bc        0x4 c:/program files (x86)/emblocks/2.30/share/em_armgcc/bin/../lib/gcc/arm-none-eabi/4.7.3/../../../../arm-none-eabi/lib/armv6-m\libc_n.a(lib_a-impure.o)
                0x200000bc                _impure_ptr
 .data.__ctype_ptr__
                0x200000c0        0x4 c:/program files (x86)/emblocks/2.30/share/em_armgcc/bin/../lib/gcc/arm-none-eabi/4.7.3/../../../../arm-none-eabi/lib/armv6-m\libc_n.a(lib_a-ctype_.o)
                0x200000c0                __ctype_ptr__
                0x200000c4                . = ALIGN (0x4)
                0x200000c4                PROVIDE (__preinit_array_start, .)
 *(.preinit_array)
                0x200000c4                PROVIDE (__preinit_array_end, .)
                0x200000c4                . = ALIGN (0x4)
                0x200000c4                PROVIDE (__init_array_start, .)
 *(SORT(.init_array.*))
 *(.init_array)
 .init_array    0x200000c4        0x4 c:/program files (x86)/emblocks/2.30/share/em_armgcc/bin/../lib/gcc/arm-none-eabi/4.7.3/armv6-m/crtbegin.o
                0x200000c8                PROVIDE (__init_array_end, .)
                0x200000c8                . = ALIGN (0x4)
                0x200000c8                PROVIDE (__fini_array_start, .)
 *(SORT(.fini_array.*))
 *(.fini_array)
 .fini_array    0x200000c8        0x4 c:/program files (x86)/emblocks/2.30/share/em_armgcc/bin/../lib/gcc/arm-none-eabi/4.7.3/armv6-m/crtbegin.o
                0x200000cc                PROVIDE (__fini_array_end, .)
                0x200000cc                . = ALIGN (0x4)
                0x200000cc                __data_end__ = .

.jcr            0x200000cc        0x0 load address 0x08006a84
 .jcr           0x200000cc        0x0 c:/program files (x86)/emblocks/2.30/share/em_armgcc/bin/../lib/gcc/arm-none-eabi/4.7.3/armv6-m/crtbegin.o

.igot.plt       0x200000cc        0x0 load address 0x08006a84
 .igot.plt      0x00000000        0x0 c:/program files (x86)/emblocks/2.30/share/em_armgcc/bin/../lib/gcc/arm-none-eabi/4.7.3/armv6-m/crtbegin.o

.bss            0x200000cc      0x608 load address 0x08006a84
                0x200000cc                __bss_start__ = .
 *(.bss*)
 .bss           0x200000cc       0x1c c:/program files (x86)/emblocks/2.30/share/em_armgcc/bin/../lib/gcc/arm-none-eabi/4.7.3/armv6-m/crtbegin.o
 .bss.rxBufLen  0x200000e8        0x2 obj\debug\src\sim808.o
                0x200000e8                rxBufLen
 *fill*         0x200000ea        0x2 
 .bss.fix.6912  0x200000ec       0x28 obj\debug\src\sim808.o
 .bss.longitude.6900
                0x20000114       0x20 obj\debug\src\sim808.o
 .bss.latitude.6901
                0x20000134       0x20 obj\debug\src\sim808.o
 .bss.time.6902
                0x20000154       0x20 obj\debug\src\sim808.o
 .bss.TTFF.6903
                0x20000174       0x14 obj\debug\src\sim808.o
 .bss.numSat.6904
                0x20000188        0x8 obj\debug\src\sim808.o
 .bss.charge.6867
                0x20000190        0xc obj\debug\src\sim808.o
 .bss.batt.6868
                0x2000019c        0x4 obj\debug\src\sim808.o
 .bss.nullstr.6869
                0x200001a0       0x14 obj\debug\src\sim808.o
 .bss.current_state
                0x200001b4        0x1 obj\debug\src\main.o
                0x200001b4                current_state
 *fill*         0x200001b5        0x3 
 .bss.pressure1.7550
                0x200001b8        0x4 obj\debug\src\main.o
 .bss.TimingDelay
                0x200001bc        0x4 obj\debug\src\timing.o
 .bss.msgTimout
                0x200001c0        0x1 obj\debug\src\timing.o
                0x200001c0                msgTimout
 *fill*         0x200001c1        0x3 
 .bss.globalTimer
                0x200001c4        0x4 obj\debug\src\timing.o
                0x200001c4                globalTimer
 .bss.__malloc_sbrk_start
                0x200001c8        0x4 c:/program files (x86)/emblocks/2.30/share/em_armgcc/bin/../lib/gcc/arm-none-eabi/4.7.3/../../../../arm-none-eabi/lib/armv6-m\libc_n.a(lib_a-nano-mallocr.o)
                0x200001c8                __malloc_sbrk_start
 .bss.__malloc_free_list
                0x200001cc        0x4 c:/program files (x86)/emblocks/2.30/share/em_armgcc/bin/../lib/gcc/arm-none-eabi/4.7.3/../../../../arm-none-eabi/lib/armv6-m\libc_n.a(lib_a-nano-mallocr.o)
                0x200001cc                __malloc_free_list
 .bss.heap_end.4240
                0x200001d0        0x4 c:/program files (x86)/emblocks/2.30/share/em_armgcc/bin/../lib/gcc/arm-none-eabi/4.7.3/../../../../arm-none-eabi/lib/armv6-m\libnosys.a(sbrk.o)
 *(COMMON)
 COMMON         0x200001d4       0xcc obj\debug\src\debug.o
                0x200001d4                receivedDebugLen
                0x200001d8                receivedDebug
 COMMON         0x200002a0      0x12c obj\debug\src\sim808.o
                0x200002a0                rxBuf
 COMMON         0x200003cc      0x304 obj\debug\src\main.o
                0x200003cc                rxData
                0x200004f8                Sensor1
                0x20000524                mqtt_rxbuff
                0x200005bc                Sensor2
                0x200005e8                mqtt_txbuff
                0x200006b0                sim808
 COMMON         0x200006d0        0x4 c:/program files (x86)/emblocks/2.30/share/em_armgcc/bin/../lib/gcc/arm-none-eabi/4.7.3/../../../../arm-none-eabi/lib/armv6-m\libc_n.a(lib_a-reent.o)
                0x200006d0                errno
                0x200006d4                __bss_end__ = .

.heap           0x200006d8        0x0
                0x200006d8                __end__ = .
                0x200006d8                end = __end__
 *(.heap*)
 .heap          0x200006d8        0x0 obj\debug\src\startup_stm32f0xx.o
                0x200006d8                __HeapLimit = .

.stack_dummy    0x200006d8      0x100
 *(.stack)
 .stack         0x200006d8      0x100 obj\debug\src\startup_stm32f0xx.o
                0x20001000                __StackTop = (ORIGIN (RAM) + 0x1000)
                0x20000f00                __StackLimit = (__StackTop - SIZEOF (.stack_dummy))
                0x20001000                PROVIDE (__stack, __StackTop)
                0x00000001                ASSERT ((__StackLimit >= __HeapLimit), region RAM overflowed with stack)
LOAD obj\debug\spl\src\stm32f0xx_adc.o
LOAD obj\debug\spl\src\stm32f0xx_can.o
LOAD obj\debug\spl\src\stm32f0xx_cec.o
LOAD obj\debug\spl\src\stm32f0xx_comp.o
LOAD obj\debug\spl\src\stm32f0xx_crc.o
LOAD obj\debug\spl\src\stm32f0xx_crs.o
LOAD obj\debug\spl\src\stm32f0xx_dac.o
LOAD obj\debug\spl\src\stm32f0xx_dbgmcu.o
LOAD obj\debug\spl\src\stm32f0xx_dma.o
LOAD obj\debug\spl\src\stm32f0xx_exti.o
LOAD obj\debug\spl\src\stm32f0xx_flash.o
LOAD obj\debug\spl\src\stm32f0xx_gpio.o
LOAD obj\debug\spl\src\stm32f0xx_i2c.o
LOAD obj\debug\spl\src\stm32f0xx_iwdg.o
LOAD obj\debug\spl\src\stm32f0xx_misc.o
LOAD obj\debug\spl\src\stm32f0xx_pwr.o
LOAD obj\debug\spl\src\stm32f0xx_rcc.o
LOAD obj\debug\spl\src\stm32f0xx_rtc.o
LOAD obj\debug\spl\src\stm32f0xx_spi.o
LOAD obj\debug\spl\src\stm32f0xx_syscfg.o
LOAD obj\debug\spl\src\stm32f0xx_tim.o
LOAD obj\debug\spl\src\stm32f0xx_usart.o
LOAD obj\debug\spl\src\stm32f0xx_wwdg.o
LOAD obj\debug\src\debug.o
LOAD obj\debug\src\sim808.o
LOAD obj\debug\src\bmp180.o
LOAD obj\debug\src\main.o
LOAD obj\debug\src\servo.o
LOAD obj\debug\src\startup_stm32f0xx.o
LOAD obj\debug\src\system_stm32f0xx.o
LOAD obj\debug\src\timing.o
LOAD obj\debug\src\umqtt.o
LOAD c:/program files (x86)/emblocks/2.30/share/em_armgcc/bin/../lib/gcc/arm-none-eabi/4.7.3/../../../../arm-none-eabi/lib/armv6-m\libm.a
START GROUP
LOAD c:/program files (x86)/emblocks/2.30/share/em_armgcc/bin/../lib/gcc/arm-none-eabi/4.7.3/armv6-m\libgcc.a
LOAD c:/program files (x86)/emblocks/2.30/share/em_armgcc/bin/../lib/gcc/arm-none-eabi/4.7.3/../../../../arm-none-eabi/lib/armv6-m\libc_n.a
LOAD c:/program files (x86)/emblocks/2.30/share/em_armgcc/bin/../lib/gcc/arm-none-eabi/4.7.3/../../../../arm-none-eabi/lib/armv6-m\libg_n.a
LOAD c:/program files (x86)/emblocks/2.30/share/em_armgcc/bin/../lib/gcc/arm-none-eabi/4.7.3/../../../../arm-none-eabi/lib/armv6-m\libnosys.a
END GROUP
LOAD c:/program files (x86)/emblocks/2.30/share/em_armgcc/bin/../lib/gcc/arm-none-eabi/4.7.3/armv6-m/crtend.o
LOAD c:/program files (x86)/emblocks/2.30/share/em_armgcc/bin/../lib/gcc/arm-none-eabi/4.7.3/armv6-m/crtn.o
OUTPUT(bin\Debug\STM32F0_SIM800_MQTT_Client.elf elf32-littlearm)

.ARM.attributes
                0x00000000       0x28
 .ARM.attributes
                0x00000000       0x1e c:/program files (x86)/emblocks/2.30/share/em_armgcc/bin/../lib/gcc/arm-none-eabi/4.7.3/armv6-m/crti.o
 .ARM.attributes
                0x0000001e       0x2c c:/program files (x86)/emblocks/2.30/share/em_armgcc/bin/../lib/gcc/arm-none-eabi/4.7.3/armv6-m/crtbegin.o
 .ARM.attributes
                0x0000004a       0x1b c:/program files (x86)/emblocks/2.30/share/em_armgcc/bin/../lib/gcc/arm-none-eabi/4.7.3/../../../../arm-none-eabi/lib/armv6-m/crt0.o
 .ARM.attributes
                0x00000065       0x31 obj\debug\spl\src\stm32f0xx_gpio.o
 .ARM.attributes
                0x00000096       0x31 obj\debug\spl\src\stm32f0xx_i2c.o
 .ARM.attributes
                0x000000c7       0x31 obj\debug\spl\src\stm32f0xx_misc.o
 .ARM.attributes
                0x000000f8       0x31 obj\debug\spl\src\stm32f0xx_rcc.o
 .ARM.attributes
                0x00000129       0x31 obj\debug\spl\src\stm32f0xx_tim.o
 .ARM.attributes
                0x0000015a       0x31 obj\debug\spl\src\stm32f0xx_usart.o
 .ARM.attributes
                0x0000018b       0x31 obj\debug\src\debug.o
 .ARM.attributes
                0x000001bc       0x31 obj\debug\src\sim808.o
 .ARM.attributes
                0x000001ed       0x31 obj\debug\src\bmp180.o
 .ARM.attributes
                0x0000021e       0x31 obj\debug\src\main.o
 .ARM.attributes
                0x0000024f       0x31 obj\debug\src\servo.o
 .ARM.attributes
                0x00000280       0x1b obj\debug\src\startup_stm32f0xx.o
 .ARM.attributes
                0x0000029b       0x31 obj\debug\src\system_stm32f0xx.o
 .ARM.attributes
                0x000002cc       0x31 obj\debug\src\timing.o
 .ARM.attributes
                0x000002fd       0x31 obj\debug\src\umqtt.o
 .ARM.attributes
                0x0000032e       0x1e c:/program files (x86)/emblocks/2.30/share/em_armgcc/bin/../lib/gcc/arm-none-eabi/4.7.3/armv6-m\libgcc.a(_udivsi3.o)
 .ARM.attributes
                0x0000034c       0x1e c:/program files (x86)/emblocks/2.30/share/em_armgcc/bin/../lib/gcc/arm-none-eabi/4.7.3/armv6-m\libgcc.a(_divsi3.o)
 .ARM.attributes
                0x0000036a       0x1e c:/program files (x86)/emblocks/2.30/share/em_armgcc/bin/../lib/gcc/arm-none-eabi/4.7.3/armv6-m\libgcc.a(_dvmd_tls.o)
 .ARM.attributes
                0x00000388       0x2c c:/program files (x86)/emblocks/2.30/share/em_armgcc/bin/../lib/gcc/arm-none-eabi/4.7.3/armv6-m\libgcc.a(_fixunsdfsi.o)
 .ARM.attributes
                0x000003b4       0x2c c:/program files (x86)/emblocks/2.30/share/em_armgcc/bin/../lib/gcc/arm-none-eabi/4.7.3/armv6-m\libgcc.a(muldf3.o)
 .ARM.attributes
                0x000003e0       0x2c c:/program files (x86)/emblocks/2.30/share/em_armgcc/bin/../lib/gcc/arm-none-eabi/4.7.3/armv6-m\libgcc.a(subdf3.o)
 .ARM.attributes
                0x0000040c       0x2c c:/program files (x86)/emblocks/2.30/share/em_armgcc/bin/../lib/gcc/arm-none-eabi/4.7.3/armv6-m\libgcc.a(fixdfsi.o)
 .ARM.attributes
                0x00000438       0x2c c:/program files (x86)/emblocks/2.30/share/em_armgcc/bin/../lib/gcc/arm-none-eabi/4.7.3/armv6-m\libgcc.a(floatsidf.o)
 .ARM.attributes
                0x00000464       0x1e c:/program files (x86)/emblocks/2.30/share/em_armgcc/bin/../lib/gcc/arm-none-eabi/4.7.3/armv6-m\libgcc.a(_arm_cmpdf2.o)
 .ARM.attributes
                0x00000482       0x1e c:/program files (x86)/emblocks/2.30/share/em_armgcc/bin/../lib/gcc/arm-none-eabi/4.7.3/armv6-m\libgcc.a(_clzsi2.o)
 .ARM.attributes
                0x000004a0       0x2c c:/program files (x86)/emblocks/2.30/share/em_armgcc/bin/../lib/gcc/arm-none-eabi/4.7.3/armv6-m\libgcc.a(eqdf2.o)
 .ARM.attributes
                0x000004cc       0x2c c:/program files (x86)/emblocks/2.30/share/em_armgcc/bin/../lib/gcc/arm-none-eabi/4.7.3/armv6-m\libgcc.a(gedf2.o)
 .ARM.attributes
                0x000004f8       0x2c c:/program files (x86)/emblocks/2.30/share/em_armgcc/bin/../lib/gcc/arm-none-eabi/4.7.3/armv6-m\libgcc.a(ledf2.o)
 .ARM.attributes
                0x00000524       0x2c c:/program files (x86)/emblocks/2.30/share/em_armgcc/bin/../lib/gcc/arm-none-eabi/4.7.3/../../../../arm-none-eabi/lib/armv6-m\libc_n.a(lib_a-exit.o)
 .ARM.attributes
                0x00000550       0x2c c:/program files (x86)/emblocks/2.30/share/em_armgcc/bin/../lib/gcc/arm-none-eabi/4.7.3/../../../../arm-none-eabi/lib/armv6-m\libc_n.a(lib_a-impure.o)
 .ARM.attributes
                0x0000057c       0x2c c:/program files (x86)/emblocks/2.30/share/em_armgcc/bin/../lib/gcc/arm-none-eabi/4.7.3/../../../../arm-none-eabi/lib/armv6-m\libc_n.a(lib_a-init.o)
 .ARM.attributes
                0x000005a8       0x2c c:/program files (x86)/emblocks/2.30/share/em_armgcc/bin/../lib/gcc/arm-none-eabi/4.7.3/../../../../arm-none-eabi/lib/armv6-m\libc_n.a(lib_a-memcpy-stub.o)
 .ARM.attributes
                0x000005d4       0x2c c:/program files (x86)/emblocks/2.30/share/em_armgcc/bin/../lib/gcc/arm-none-eabi/4.7.3/../../../../arm-none-eabi/lib/armv6-m\libc_n.a(lib_a-memset.o)
 .ARM.attributes
                0x00000600       0x2c c:/program files (x86)/emblocks/2.30/share/em_armgcc/bin/../lib/gcc/arm-none-eabi/4.7.3/../../../../arm-none-eabi/lib/armv6-m\libc_n.a(lib_a-sprintf.o)
 .ARM.attributes
                0x0000062c       0x2c c:/program files (x86)/emblocks/2.30/share/em_armgcc/bin/../lib/gcc/arm-none-eabi/4.7.3/../../../../arm-none-eabi/lib/armv6-m\libc_n.a(lib_a-sscanf.o)
 .ARM.attributes
                0x00000658       0x2c c:/program files (x86)/emblocks/2.30/share/em_armgcc/bin/../lib/gcc/arm-none-eabi/4.7.3/../../../../arm-none-eabi/lib/armv6-m\libc_n.a(lib_a-stdio.o)
 .ARM.attributes
                0x00000684       0x2c c:/program files (x86)/emblocks/2.30/share/em_armgcc/bin/../lib/gcc/arm-none-eabi/4.7.3/../../../../arm-none-eabi/lib/armv6-m\libc_n.a(lib_a-strchr.o)
 .ARM.attributes
                0x000006b0       0x2c c:/program files (x86)/emblocks/2.30/share/em_armgcc/bin/../lib/gcc/arm-none-eabi/4.7.3/../../../../arm-none-eabi/lib/armv6-m\libc_n.a(lib_a-strlen.o)
 .ARM.attributes
                0x000006dc       0x2c c:/program files (x86)/emblocks/2.30/share/em_armgcc/bin/../lib/gcc/arm-none-eabi/4.7.3/../../../../arm-none-eabi/lib/armv6-m\libc_n.a(lib_a-strstr.o)
 .ARM.attributes
                0x00000708       0x2c c:/program files (x86)/emblocks/2.30/share/em_armgcc/bin/../lib/gcc/arm-none-eabi/4.7.3/../../../../arm-none-eabi/lib/armv6-m\libc_n.a(lib_a-svfprintf.o)
 .ARM.attributes
                0x00000734       0x2c c:/program files (x86)/emblocks/2.30/share/em_armgcc/bin/../lib/gcc/arm-none-eabi/4.7.3/../../../../arm-none-eabi/lib/armv6-m\libc_n.a(lib_a-svfscanf.o)
 .ARM.attributes
                0x00000760       0x2c c:/program files (x86)/emblocks/2.30/share/em_armgcc/bin/../lib/gcc/arm-none-eabi/4.7.3/../../../../arm-none-eabi/lib/armv6-m\libc_n.a(lib_a-ungetc.o)
 .ARM.attributes
                0x0000078c       0x2c c:/program files (x86)/emblocks/2.30/share/em_armgcc/bin/../lib/gcc/arm-none-eabi/4.7.3/../../../../arm-none-eabi/lib/armv6-m\libc_n.a(lib_a-vfprintf_i.o)
 .ARM.attributes
                0x000007b8       0x2c c:/program files (x86)/emblocks/2.30/share/em_armgcc/bin/../lib/gcc/arm-none-eabi/4.7.3/../../../../arm-none-eabi/lib/armv6-m\libc_n.a(lib_a-vfscanf_i.o)
 .ARM.attributes
                0x000007e4       0x2c c:/program files (x86)/emblocks/2.30/share/em_armgcc/bin/../lib/gcc/arm-none-eabi/4.7.3/../../../../arm-none-eabi/lib/armv6-m\libc_n.a(lib_a-ctype_.o)
 .ARM.attributes
                0x00000810       0x2c c:/program files (x86)/emblocks/2.30/share/em_armgcc/bin/../lib/gcc/arm-none-eabi/4.7.3/../../../../arm-none-eabi/lib/armv6-m\libc_n.a(lib_a-findfp.o)
 .ARM.attributes
                0x0000083c       0x2c c:/program files (x86)/emblocks/2.30/share/em_armgcc/bin/../lib/gcc/arm-none-eabi/4.7.3/../../../../arm-none-eabi/lib/armv6-m\libc_n.a(lib_a-memchr-stub.o)
 .ARM.attributes
                0x00000868       0x2c c:/program files (x86)/emblocks/2.30/share/em_armgcc/bin/../lib/gcc/arm-none-eabi/4.7.3/../../../../arm-none-eabi/lib/armv6-m\libc_n.a(lib_a-memmove.o)
 .ARM.attributes
                0x00000894       0x2c c:/program files (x86)/emblocks/2.30/share/em_armgcc/bin/../lib/gcc/arm-none-eabi/4.7.3/../../../../arm-none-eabi/lib/armv6-m\libc_n.a(lib_a-nano-freer.o)
 .ARM.attributes
                0x000008c0       0x2c c:/program files (x86)/emblocks/2.30/share/em_armgcc/bin/../lib/gcc/arm-none-eabi/4.7.3/../../../../arm-none-eabi/lib/armv6-m\libc_n.a(lib_a-nano-mallocr.o)
 .ARM.attributes
                0x000008ec       0x2c c:/program files (x86)/emblocks/2.30/share/em_armgcc/bin/../lib/gcc/arm-none-eabi/4.7.3/../../../../arm-none-eabi/lib/armv6-m\libc_n.a(lib_a-nano-reallocr.o)
 .ARM.attributes
                0x00000918       0x2c c:/program files (x86)/emblocks/2.30/share/em_armgcc/bin/../lib/gcc/arm-none-eabi/4.7.3/../../../../arm-none-eabi/lib/armv6-m\libc_n.a(lib_a-reent.o)
 .ARM.attributes
                0x00000944       0x2c c:/program files (x86)/emblocks/2.30/share/em_armgcc/bin/../lib/gcc/arm-none-eabi/4.7.3/../../../../arm-none-eabi/lib/armv6-m\libc_n.a(lib_a-sbrkr.o)
 .ARM.attributes
                0x00000970       0x2c c:/program files (x86)/emblocks/2.30/share/em_armgcc/bin/../lib/gcc/arm-none-eabi/4.7.3/../../../../arm-none-eabi/lib/armv6-m\libc_n.a(lib_a-sccl.o)
 .ARM.attributes
                0x0000099c       0x2c c:/program files (x86)/emblocks/2.30/share/em_armgcc/bin/../lib/gcc/arm-none-eabi/4.7.3/../../../../arm-none-eabi/lib/armv6-m\libc_n.a(lib_a-strtol.o)
 .ARM.attributes
                0x000009c8       0x2c c:/program files (x86)/emblocks/2.30/share/em_armgcc/bin/../lib/gcc/arm-none-eabi/4.7.3/../../../../arm-none-eabi/lib/armv6-m\libc_n.a(lib_a-strtoul.o)
 .ARM.attributes
                0x000009f4       0x2c c:/program files (x86)/emblocks/2.30/share/em_armgcc/bin/../lib/gcc/arm-none-eabi/4.7.3/../../../../arm-none-eabi/lib/armv6-m\libc_n.a(lib_a-nano-msizer.o)
 .ARM.attributes
                0x00000a20       0x2c c:/program files (x86)/emblocks/2.30/share/em_armgcc/bin/../lib/gcc/arm-none-eabi/4.7.3/../../../../arm-none-eabi/lib/armv6-m\libnosys.a(sbrk.o)
 .ARM.attributes
                0x00000a4c       0x2c c:/program files (x86)/emblocks/2.30/share/em_armgcc/bin/../lib/gcc/arm-none-eabi/4.7.3/../../../../arm-none-eabi/lib/armv6-m\libnosys.a(_exit.o)
 .ARM.attributes
                0x00000a78       0x2c c:/program files (x86)/emblocks/2.30/share/em_armgcc/bin/../lib/gcc/arm-none-eabi/4.7.3/armv6-m/crtend.o
 .ARM.attributes
                0x00000aa4       0x1e c:/program files (x86)/emblocks/2.30/share/em_armgcc/bin/../lib/gcc/arm-none-eabi/4.7.3/armv6-m/crtn.o

.comment        0x00000000       0x38
 .comment       0x00000000       0x38 obj\debug\spl\src\stm32f0xx_gpio.o
                                 0x39 (size before relaxing)
 .comment       0x00000000       0x39 obj\debug\spl\src\stm32f0xx_i2c.o
 .comment       0x00000000       0x39 obj\debug\spl\src\stm32f0xx_misc.o
 .comment       0x00000000       0x39 obj\debug\spl\src\stm32f0xx_rcc.o
 .comment       0x00000000       0x39 obj\debug\spl\src\stm32f0xx_tim.o
 .comment       0x00000000       0x39 obj\debug\spl\src\stm32f0xx_usart.o
 .comment       0x00000000       0x39 obj\debug\src\debug.o
 .comment       0x00000000       0x39 obj\debug\src\sim808.o
 .comment       0x00000000       0x39 obj\debug\src\bmp180.o
 .comment       0x00000000       0x39 obj\debug\src\main.o
 .comment       0x00000000       0x39 obj\debug\src\servo.o
 .comment       0x00000000       0x39 obj\debug\src\system_stm32f0xx.o
 .comment       0x00000000       0x39 obj\debug\src\timing.o
 .comment       0x00000000       0x39 obj\debug\src\umqtt.o

.debug_info     0x00000000     0x98a6
 .debug_info    0x00000000      0x642 obj\debug\spl\src\stm32f0xx_gpio.o
 .debug_info    0x00000642      0xcb5 obj\debug\spl\src\stm32f0xx_i2c.o
 .debug_info    0x000012f7      0x3bb obj\debug\spl\src\stm32f0xx_misc.o
 .debug_info    0x000016b2      0xb23 obj\debug\spl\src\stm32f0xx_rcc.o
 .debug_info    0x000021d5     0x1ebe obj\debug\spl\src\stm32f0xx_tim.o
 .debug_info    0x00004093      0xf8d obj\debug\spl\src\stm32f0xx_usart.o
 .debug_info    0x00005020      0x6b3 obj\debug\src\debug.o
 .debug_info    0x000056d3     0x1183 obj\debug\src\sim808.o
 .debug_info    0x00006856      0xa35 obj\debug\src\bmp180.o
 .debug_info    0x0000728b      0xf80 obj\debug\src\main.o
 .debug_info    0x0000820b      0x4b4 obj\debug\src\servo.o
 .debug_info    0x000086bf       0x80 obj\debug\src\startup_stm32f0xx.o
 .debug_info    0x0000873f      0x339 obj\debug\src\system_stm32f0xx.o
 .debug_info    0x00008a78      0x5ce obj\debug\src\timing.o
 .debug_info    0x00009046      0x860 obj\debug\src\umqtt.o

.debug_abbrev   0x00000000     0x196c
 .debug_abbrev  0x00000000      0x1a2 obj\debug\spl\src\stm32f0xx_gpio.o
 .debug_abbrev  0x000001a2      0x18c obj\debug\spl\src\stm32f0xx_i2c.o
 .debug_abbrev  0x0000032e      0x12c obj\debug\spl\src\stm32f0xx_misc.o
 .debug_abbrev  0x0000045a      0x1f3 obj\debug\spl\src\stm32f0xx_rcc.o
 .debug_abbrev  0x0000064d      0x193 obj\debug\spl\src\stm32f0xx_tim.o
 .debug_abbrev  0x000007e0      0x163 obj\debug\spl\src\stm32f0xx_usart.o
 .debug_abbrev  0x00000943      0x1ca obj\debug\src\debug.o
 .debug_abbrev  0x00000b0d      0x35f obj\debug\src\sim808.o
 .debug_abbrev  0x00000e6c      0x225 obj\debug\src\bmp180.o
 .debug_abbrev  0x00001091      0x284 obj\debug\src\main.o
 .debug_abbrev  0x00001315      0x129 obj\debug\src\servo.o
 .debug_abbrev  0x0000143e       0x14 obj\debug\src\startup_stm32f0xx.o
 .debug_abbrev  0x00001452      0x13b obj\debug\src\system_stm32f0xx.o
 .debug_abbrev  0x0000158d      0x21a obj\debug\src\timing.o
 .debug_abbrev  0x000017a7      0x1c5 obj\debug\src\umqtt.o

.debug_loc      0x00000000     0x487e
 .debug_loc     0x00000000      0x2d8 obj\debug\spl\src\stm32f0xx_gpio.o
 .debug_loc     0x000002d8      0x930 obj\debug\spl\src\stm32f0xx_i2c.o
 .debug_loc     0x00000c08       0xa8 obj\debug\spl\src\stm32f0xx_misc.o
 .debug_loc     0x00000cb0      0x8d4 obj\debug\spl\src\stm32f0xx_rcc.o
 .debug_loc     0x00001584     0x1458 obj\debug\spl\src\stm32f0xx_tim.o
 .debug_loc     0x000029dc      0xaba obj\debug\spl\src\stm32f0xx_usart.o
 .debug_loc     0x00003496      0x220 obj\debug\src\debug.o
 .debug_loc     0x000036b6      0x71a obj\debug\src\sim808.o
 .debug_loc     0x00003dd0      0x26e obj\debug\src\bmp180.o
 .debug_loc     0x0000403e      0x148 obj\debug\src\main.o
 .debug_loc     0x00004186      0x120 obj\debug\src\servo.o
 .debug_loc     0x000042a6       0x9c obj\debug\src\system_stm32f0xx.o
 .debug_loc     0x00004342      0x1c8 obj\debug\src\timing.o
 .debug_loc     0x0000450a      0x374 obj\debug\src\umqtt.o

.debug_aranges  0x00000000      0xbf0
 .debug_aranges
                0x00000000       0x80 obj\debug\spl\src\stm32f0xx_gpio.o
 .debug_aranges
                0x00000080      0x168 obj\debug\spl\src\stm32f0xx_i2c.o
 .debug_aranges
                0x000001e8       0x30 obj\debug\spl\src\stm32f0xx_misc.o
 .debug_aranges
                0x00000218      0x160 obj\debug\spl\src\stm32f0xx_rcc.o
 .debug_aranges
                0x00000378      0x300 obj\debug\spl\src\stm32f0xx_tim.o
 .debug_aranges
                0x00000678      0x1a0 obj\debug\spl\src\stm32f0xx_usart.o
 .debug_aranges
                0x00000818       0x68 obj\debug\src\debug.o
 .debug_aranges
                0x00000880      0x130 obj\debug\src\sim808.o
 .debug_aranges
                0x000009b0       0x70 obj\debug\src\bmp180.o
 .debug_aranges
                0x00000a20       0x48 obj\debug\src\main.o
 .debug_aranges
                0x00000a68       0x48 obj\debug\src\servo.o
 .debug_aranges
                0x00000ab0       0x20 obj\debug\src\startup_stm32f0xx.o
 .debug_aranges
                0x00000ad0       0x30 obj\debug\src\system_stm32f0xx.o
 .debug_aranges
                0x00000b00       0x60 obj\debug\src\timing.o
 .debug_aranges
                0x00000b60       0x90 obj\debug\src\umqtt.o

.debug_ranges   0x00000000      0xaf0
 .debug_ranges  0x00000000       0x70 obj\debug\spl\src\stm32f0xx_gpio.o
 .debug_ranges  0x00000070      0x158 obj\debug\spl\src\stm32f0xx_i2c.o
 .debug_ranges  0x000001c8       0x20 obj\debug\spl\src\stm32f0xx_misc.o
 .debug_ranges  0x000001e8      0x150 obj\debug\spl\src\stm32f0xx_rcc.o
 .debug_ranges  0x00000338      0x2f0 obj\debug\spl\src\stm32f0xx_tim.o
 .debug_ranges  0x00000628      0x190 obj\debug\spl\src\stm32f0xx_usart.o
 .debug_ranges  0x000007b8       0x58 obj\debug\src\debug.o
 .debug_ranges  0x00000810      0x120 obj\debug\src\sim808.o
 .debug_ranges  0x00000930       0x60 obj\debug\src\bmp180.o
 .debug_ranges  0x00000990       0x38 obj\debug\src\main.o
 .debug_ranges  0x000009c8       0x38 obj\debug\src\servo.o
 .debug_ranges  0x00000a00       0x20 obj\debug\src\system_stm32f0xx.o
 .debug_ranges  0x00000a20       0x50 obj\debug\src\timing.o
 .debug_ranges  0x00000a70       0x80 obj\debug\src\umqtt.o

.debug_macro    0x00000000     0x3f26
 .debug_macro   0x00000000      0x172 obj\debug\spl\src\stm32f0xx_gpio.o
 .debug_macro   0x00000172      0x17f obj\debug\spl\src\stm32f0xx_gpio.o
 .debug_macro   0x000002f1      0x190 obj\debug\spl\src\stm32f0xx_i2c.o
 .debug_macro   0x00000481      0x29a obj\debug\spl\src\stm32f0xx_i2c.o
 .debug_macro   0x0000071b      0x172 obj\debug\spl\src\stm32f0xx_misc.o
 .debug_macro   0x0000088d       0x34 obj\debug\spl\src\stm32f0xx_misc.o
 .debug_macro   0x000008c1      0x190 obj\debug\spl\src\stm32f0xx_rcc.o
 .debug_macro   0x00000a51      0x4dd obj\debug\spl\src\stm32f0xx_rcc.o
 .debug_macro   0x00000f2e      0x18e obj\debug\spl\src\stm32f0xx_tim.o
 .debug_macro   0x000010bc      0x74a obj\debug\spl\src\stm32f0xx_tim.o
 .debug_macro   0x00001806      0x18a obj\debug\spl\src\stm32f0xx_usart.o
 .debug_macro   0x00001990      0x34d obj\debug\spl\src\stm32f0xx_usart.o
 .debug_macro   0x00001cdd      0x171 obj\debug\src\debug.o
 .debug_macro   0x00001e4e       0x10 obj\debug\src\debug.o
 .debug_macro   0x00001e5e      0x24a obj\debug\src\sim808.o
 .debug_macro   0x000020a8       0x10 obj\debug\src\sim808.o
 .debug_macro   0x000020b8       0x58 obj\debug\src\sim808.o
 .debug_macro   0x00002110       0x35 obj\debug\src\sim808.o
 .debug_macro   0x00002145       0xa2 obj\debug\src\sim808.o
 .debug_macro   0x000021e7      0x16c obj\debug\src\sim808.o
 .debug_macro   0x00002353       0x52 obj\debug\src\sim808.o
 .debug_macro   0x000023a5       0x16 obj\debug\src\sim808.o
 .debug_macro   0x000023bb       0x43 obj\debug\src\sim808.o
 .debug_macro   0x000023fe      0x180 obj\debug\src\sim808.o
 .debug_macro   0x0000257e      0x2a6 obj\debug\src\sim808.o
 .debug_macro   0x00002824       0x10 obj\debug\src\sim808.o
 .debug_macro   0x00002834       0x35 obj\debug\src\sim808.o
 .debug_macro   0x00002869       0x1f obj\debug\src\sim808.o
 .debug_macro   0x00002888       0x1c obj\debug\src\sim808.o
 .debug_macro   0x000028a4       0x34 obj\debug\src\sim808.o
 .debug_macro   0x000028d8      0x247 obj\debug\src\bmp180.o
 .debug_macro   0x00002b1f       0x16 obj\debug\src\bmp180.o
 .debug_macro   0x00002b35       0x97 obj\debug\src\bmp180.o
 .debug_macro   0x00002bcc       0x10 obj\debug\src\bmp180.o
 .debug_macro   0x00002bdc       0xf5 obj\debug\src\bmp180.o
 .debug_macro   0x00002cd1       0x10 obj\debug\src\bmp180.o
 .debug_macro   0x00002ce1       0x22 obj\debug\src\bmp180.o
 .debug_macro   0x00002d03       0xbd obj\debug\src\bmp180.o
 .debug_macro   0x00002dc0       0x16 obj\debug\src\bmp180.o
 .debug_macro   0x00002dd6      0x16c obj\debug\src\bmp180.o
 .debug_macro   0x00002f42      0x23e obj\debug\src\bmp180.o
 .debug_macro   0x00003180      0x2c2 obj\debug\src\main.o
 .debug_macro   0x00003442       0x16 obj\debug\src\main.o
 .debug_macro   0x00003458      0x23e obj\debug\src\main.o
 .debug_macro   0x00003696      0x23a obj\debug\src\servo.o
 .debug_macro   0x000038d0      0x168 obj\debug\src\system_stm32f0xx.o
 .debug_macro   0x00003a38      0x172 obj\debug\src\timing.o
 .debug_macro   0x00003baa      0x10d obj\debug\src\umqtt.o
 .debug_macro   0x00003cb7       0x4a obj\debug\src\umqtt.o
 .debug_macro   0x00003d01      0x20f obj\debug\src\umqtt.o
 .debug_macro   0x00003f10       0x16 obj\debug\src\umqtt.o

.debug_line     0x00000000     0x662f
 .debug_line    0x00000000      0x5cb obj\debug\spl\src\stm32f0xx_gpio.o
 .debug_line    0x000005cb      0x817 obj\debug\spl\src\stm32f0xx_i2c.o
 .debug_line    0x00000de2      0x4d6 obj\debug\spl\src\stm32f0xx_misc.o
 .debug_line    0x000012b8      0x825 obj\debug\spl\src\stm32f0xx_rcc.o
 .debug_line    0x00001add      0xd05 obj\debug\spl\src\stm32f0xx_tim.o
 .debug_line    0x000027e2      0x8a7 obj\debug\spl\src\stm32f0xx_usart.o
 .debug_line    0x00003089      0x596 obj\debug\src\debug.o
 .debug_line    0x0000361f      0xb41 obj\debug\src\sim808.o
 .debug_line    0x00004160      0x75c obj\debug\src\bmp180.o
 .debug_line    0x000048bc      0x757 obj\debug\src\main.o
 .debug_line    0x00005013      0x5a5 obj\debug\src\servo.o
 .debug_line    0x000055b8       0x99 obj\debug\src\startup_stm32f0xx.o
 .debug_line    0x00005651      0x510 obj\debug\src\system_stm32f0xx.o
 .debug_line    0x00005b61      0x590 obj\debug\src\timing.o
 .debug_line    0x000060f1      0x53e obj\debug\src\umqtt.o

.debug_str      0x00000000    0x45c50
 .debug_str     0x00000000    0x3ef1f obj\debug\spl\src\stm32f0xx_gpio.o
                              0x3f0b7 (size before relaxing)
 .debug_str     0x0003ef1f      0x540 obj\debug\spl\src\stm32f0xx_i2c.o
                              0x3f321 (size before relaxing)
 .debug_str     0x0003f45f      0x13f obj\debug\spl\src\stm32f0xx_misc.o
                              0x3ef21 (size before relaxing)
 .debug_str     0x0003f59e      0x63e obj\debug\spl\src\stm32f0xx_rcc.o
                              0x3f463 (size before relaxing)
 .debug_str     0x0003fbdc      0xc13 obj\debug\spl\src\stm32f0xx_tim.o
                              0x3fa8a (size before relaxing)
 .debug_str     0x000407ef      0x7ec obj\debug\spl\src\stm32f0xx_usart.o
                              0x3f6cb (size before relaxing)
 .debug_str     0x00040fdb      0x2bc obj\debug\src\debug.o
                              0x3f1bd (size before relaxing)
 .debug_str     0x00041297     0x2b78 obj\debug\src\sim808.o
                              0x41d1d (size before relaxing)
 .debug_str     0x00043e0f     0x1844 obj\debug\src\bmp180.o
                              0x41e9b (size before relaxing)
 .debug_str     0x00045653      0x20d obj\debug\src\main.o
                              0x43465 (size before relaxing)
 .debug_str     0x00045860       0x1e obj\debug\src\servo.o
                              0x41121 (size before relaxing)
 .debug_str     0x0004587e       0x78 obj\debug\src\system_stm32f0xx.o
                              0x3eebe (size before relaxing)
 .debug_str     0x000458f6       0x9d obj\debug\src\timing.o
                              0x3f15c (size before relaxing)
 .debug_str     0x00045993      0x2bd obj\debug\src\umqtt.o
                               0x5718 (size before relaxing)

.debug_frame    0x00000000     0x348c
 .debug_frame   0x00000000      0x1b0 obj\debug\spl\src\stm32f0xx_gpio.o
 .debug_frame   0x000001b0      0x550 obj\debug\spl\src\stm32f0xx_i2c.o
 .debug_frame   0x00000700       0x70 obj\debug\spl\src\stm32f0xx_misc.o
 .debug_frame   0x00000770      0x524 obj\debug\spl\src\stm32f0xx_rcc.o
 .debug_frame   0x00000c94      0xbb0 obj\debug\spl\src\stm32f0xx_tim.o
 .debug_frame   0x00001844      0x630 obj\debug\spl\src\stm32f0xx_usart.o
 .debug_frame   0x00001e74      0x14c obj\debug\src\debug.o
 .debug_frame   0x00001fc0      0x444 obj\debug\src\sim808.o
 .debug_frame   0x00002404      0x170 obj\debug\src\bmp180.o
 .debug_frame   0x00002574       0xd4 obj\debug\src\main.o
 .debug_frame   0x00002648       0xc4 obj\debug\src\servo.o
 .debug_frame   0x0000270c       0x6c obj\debug\src\system_stm32f0xx.o
 .debug_frame   0x00002778      0x124 obj\debug\src\timing.o
 .debug_frame   0x0000289c      0x20c obj\debug\src\umqtt.o
 .debug_frame   0x00002aa8       0x20 c:/program files (x86)/emblocks/2.30/share/em_armgcc/bin/../lib/gcc/arm-none-eabi/4.7.3/armv6-m\libgcc.a(_udivsi3.o)
 .debug_frame   0x00002ac8       0x20 c:/program files (x86)/emblocks/2.30/share/em_armgcc/bin/../lib/gcc/arm-none-eabi/4.7.3/armv6-m\libgcc.a(_divsi3.o)
 .debug_frame   0x00002ae8       0x2c c:/program files (x86)/emblocks/2.30/share/em_armgcc/bin/../lib/gcc/arm-none-eabi/4.7.3/armv6-m\libgcc.a(_fixunsdfsi.o)
 .debug_frame   0x00002b14       0x3c c:/program files (x86)/emblocks/2.30/share/em_armgcc/bin/../lib/gcc/arm-none-eabi/4.7.3/armv6-m\libgcc.a(muldf3.o)
 .debug_frame   0x00002b50       0x38 c:/program files (x86)/emblocks/2.30/share/em_armgcc/bin/../lib/gcc/arm-none-eabi/4.7.3/armv6-m\libgcc.a(subdf3.o)
 .debug_frame   0x00002b88       0x2c c:/program files (x86)/emblocks/2.30/share/em_armgcc/bin/../lib/gcc/arm-none-eabi/4.7.3/armv6-m\libgcc.a(fixdfsi.o)
 .debug_frame   0x00002bb4       0x2c c:/program files (x86)/emblocks/2.30/share/em_armgcc/bin/../lib/gcc/arm-none-eabi/4.7.3/armv6-m\libgcc.a(floatsidf.o)
 .debug_frame   0x00002be0       0x34 c:/program files (x86)/emblocks/2.30/share/em_armgcc/bin/../lib/gcc/arm-none-eabi/4.7.3/armv6-m\libgcc.a(eqdf2.o)
 .debug_frame   0x00002c14       0x34 c:/program files (x86)/emblocks/2.30/share/em_armgcc/bin/../lib/gcc/arm-none-eabi/4.7.3/armv6-m\libgcc.a(gedf2.o)
 .debug_frame   0x00002c48       0x34 c:/program files (x86)/emblocks/2.30/share/em_armgcc/bin/../lib/gcc/arm-none-eabi/4.7.3/armv6-m\libgcc.a(ledf2.o)
 .debug_frame   0x00002c7c       0x28 c:/program files (x86)/emblocks/2.30/share/em_armgcc/bin/../lib/gcc/arm-none-eabi/4.7.3/../../../../arm-none-eabi/lib/armv6-m\libc_n.a(lib_a-exit.o)
 .debug_frame   0x00002ca4       0x2c c:/program files (x86)/emblocks/2.30/share/em_armgcc/bin/../lib/gcc/arm-none-eabi/4.7.3/../../../../arm-none-eabi/lib/armv6-m\libc_n.a(lib_a-init.o)
 .debug_frame   0x00002cd0       0x28 c:/program files (x86)/emblocks/2.30/share/em_armgcc/bin/../lib/gcc/arm-none-eabi/4.7.3/../../../../arm-none-eabi/lib/armv6-m\libc_n.a(lib_a-memcpy-stub.o)
 .debug_frame   0x00002cf8       0x28 c:/program files (x86)/emblocks/2.30/share/em_armgcc/bin/../lib/gcc/arm-none-eabi/4.7.3/../../../../arm-none-eabi/lib/armv6-m\libc_n.a(lib_a-memset.o)
 .debug_frame   0x00002d20       0x4c c:/program files (x86)/emblocks/2.30/share/em_armgcc/bin/../lib/gcc/arm-none-eabi/4.7.3/../../../../arm-none-eabi/lib/armv6-m\libc_n.a(lib_a-sprintf.o)
 .debug_frame   0x00002d6c       0x54 c:/program files (x86)/emblocks/2.30/share/em_armgcc/bin/../lib/gcc/arm-none-eabi/4.7.3/../../../../arm-none-eabi/lib/armv6-m\libc_n.a(lib_a-sscanf.o)
 .debug_frame   0x00002dc0       0x90 c:/program files (x86)/emblocks/2.30/share/em_armgcc/bin/../lib/gcc/arm-none-eabi/4.7.3/../../../../arm-none-eabi/lib/armv6-m\libc_n.a(lib_a-stdio.o)
 .debug_frame   0x00002e50       0x28 c:/program files (x86)/emblocks/2.30/share/em_armgcc/bin/../lib/gcc/arm-none-eabi/4.7.3/../../../../arm-none-eabi/lib/armv6-m\libc_n.a(lib_a-strchr.o)
 .debug_frame   0x00002e78       0x20 c:/program files (x86)/emblocks/2.30/share/em_armgcc/bin/../lib/gcc/arm-none-eabi/4.7.3/../../../../arm-none-eabi/lib/armv6-m\libc_n.a(lib_a-strlen.o)
 .debug_frame   0x00002e98       0x28 c:/program files (x86)/emblocks/2.30/share/em_armgcc/bin/../lib/gcc/arm-none-eabi/4.7.3/../../../../arm-none-eabi/lib/armv6-m\libc_n.a(lib_a-strstr.o)
 .debug_frame   0x00002ec0       0x74 c:/program files (x86)/emblocks/2.30/share/em_armgcc/bin/../lib/gcc/arm-none-eabi/4.7.3/../../../../arm-none-eabi/lib/armv6-m\libc_n.a(lib_a-svfprintf.o)
 .debug_frame   0x00002f34       0x68 c:/program files (x86)/emblocks/2.30/share/em_armgcc/bin/../lib/gcc/arm-none-eabi/4.7.3/../../../../arm-none-eabi/lib/armv6-m\libc_n.a(lib_a-svfscanf.o)
 .debug_frame   0x00002f9c       0x6c c:/program files (x86)/emblocks/2.30/share/em_armgcc/bin/../lib/gcc/arm-none-eabi/4.7.3/../../../../arm-none-eabi/lib/armv6-m\libc_n.a(lib_a-ungetc.o)
 .debug_frame   0x00003008       0x54 c:/program files (x86)/emblocks/2.30/share/em_armgcc/bin/../lib/gcc/arm-none-eabi/4.7.3/../../../../arm-none-eabi/lib/armv6-m\libc_n.a(lib_a-vfprintf_i.o)
 .debug_frame   0x0000305c       0x54 c:/program files (x86)/emblocks/2.30/share/em_armgcc/bin/../lib/gcc/arm-none-eabi/4.7.3/../../../../arm-none-eabi/lib/armv6-m\libc_n.a(lib_a-vfscanf_i.o)
 .debug_frame   0x000030b0      0x148 c:/program files (x86)/emblocks/2.30/share/em_armgcc/bin/../lib/gcc/arm-none-eabi/4.7.3/../../../../arm-none-eabi/lib/armv6-m\libc_n.a(lib_a-findfp.o)
 .debug_frame   0x000031f8       0x28 c:/program files (x86)/emblocks/2.30/share/em_armgcc/bin/../lib/gcc/arm-none-eabi/4.7.3/../../../../arm-none-eabi/lib/armv6-m\libc_n.a(lib_a-memchr-stub.o)
 .debug_frame   0x00003220       0x2c c:/program files (x86)/emblocks/2.30/share/em_armgcc/bin/../lib/gcc/arm-none-eabi/4.7.3/../../../../arm-none-eabi/lib/armv6-m\libc_n.a(lib_a-memmove.o)
 .debug_frame   0x0000324c       0x30 c:/program files (x86)/emblocks/2.30/share/em_armgcc/bin/../lib/gcc/arm-none-eabi/4.7.3/../../../../arm-none-eabi/lib/armv6-m\libc_n.a(lib_a-nano-freer.o)
 .debug_frame   0x0000327c       0x30 c:/program files (x86)/emblocks/2.30/share/em_armgcc/bin/../lib/gcc/arm-none-eabi/4.7.3/../../../../arm-none-eabi/lib/armv6-m\libc_n.a(lib_a-nano-mallocr.o)
 .debug_frame   0x000032ac       0x30 c:/program files (x86)/emblocks/2.30/share/em_armgcc/bin/../lib/gcc/arm-none-eabi/4.7.3/../../../../arm-none-eabi/lib/armv6-m\libc_n.a(lib_a-nano-reallocr.o)
 .debug_frame   0x000032dc       0x48 c:/program files (x86)/emblocks/2.30/share/em_armgcc/bin/../lib/gcc/arm-none-eabi/4.7.3/../../../../arm-none-eabi/lib/armv6-m\libc_n.a(lib_a-reent.o)
 .debug_frame   0x00003324       0x2c c:/program files (x86)/emblocks/2.30/share/em_armgcc/bin/../lib/gcc/arm-none-eabi/4.7.3/../../../../arm-none-eabi/lib/armv6-m\libc_n.a(lib_a-sbrkr.o)
 .debug_frame   0x00003350       0x2c c:/program files (x86)/emblocks/2.30/share/em_armgcc/bin/../lib/gcc/arm-none-eabi/4.7.3/../../../../arm-none-eabi/lib/armv6-m\libc_n.a(lib_a-sccl.o)
 .debug_frame   0x0000337c       0x4c c:/program files (x86)/emblocks/2.30/share/em_armgcc/bin/../lib/gcc/arm-none-eabi/4.7.3/../../../../arm-none-eabi/lib/armv6-m\libc_n.a(lib_a-strtol.o)
 .debug_frame   0x000033c8       0x4c c:/program files (x86)/emblocks/2.30/share/em_armgcc/bin/../lib/gcc/arm-none-eabi/4.7.3/../../../../arm-none-eabi/lib/armv6-m\libc_n.a(lib_a-strtoul.o)
 .debug_frame   0x00003414       0x28 c:/program files (x86)/emblocks/2.30/share/em_armgcc/bin/../lib/gcc/arm-none-eabi/4.7.3/../../../../arm-none-eabi/lib/armv6-m\libc_n.a(lib_a-nano-msizer.o)
 .debug_frame   0x0000343c       0x28 c:/program files (x86)/emblocks/2.30/share/em_armgcc/bin/../lib/gcc/arm-none-eabi/4.7.3/../../../../arm-none-eabi/lib/armv6-m\libnosys.a(sbrk.o)
 .debug_frame   0x00003464       0x28 c:/program files (x86)/emblocks/2.30/share/em_armgcc/bin/../lib/gcc/arm-none-eabi/4.7.3/../../../../arm-none-eabi/lib/armv6-m\libnosys.a(_exit.o)

.stabstr        0x00000000       0xdf
 .stabstr       0x00000000       0xdf c:/program files (x86)/emblocks/2.30/share/em_armgcc/bin/../lib/gcc/arm-none-eabi/4.7.3/../../../../arm-none-eabi/lib/armv6-m\libnosys.a(close.o)
