Archive member included because of file (symbol)

c:/program files (x86)/emblocks/2.30/share/em_armgcc/bin/../lib/gcc/arm-none-eabi/4.7.3/armv6-m\libgcc.a(_udivsi3.o)
                              obj\debug\spl\src\stm32f0xx_rcc.o (__aeabi_uidiv)
c:/program files (x86)/emblocks/2.30/share/em_armgcc/bin/../lib/gcc/arm-none-eabi/4.7.3/armv6-m\libgcc.a(_divsi3.o)
                              obj\debug\src\bmp180.o (__aeabi_idiv)
c:/program files (x86)/emblocks/2.30/share/em_armgcc/bin/../lib/gcc/arm-none-eabi/4.7.3/armv6-m\libgcc.a(_dvmd_tls.o)
                              c:/program files (x86)/emblocks/2.30/share/em_armgcc/bin/../lib/gcc/arm-none-eabi/4.7.3/armv6-m\libgcc.a(_udivsi3.o) (__aeabi_idiv0)
c:/program files (x86)/emblocks/2.30/share/em_armgcc/bin/../lib/gcc/arm-none-eabi/4.7.3/armv6-m\libgcc.a(_fixunsdfsi.o)
                              obj\debug\src\servo.o (__aeabi_d2uiz)
c:/program files (x86)/emblocks/2.30/share/em_armgcc/bin/../lib/gcc/arm-none-eabi/4.7.3/armv6-m\libgcc.a(divsf3.o)
                              obj\debug\src\bmp180.o (__aeabi_fdiv)
c:/program files (x86)/emblocks/2.30/share/em_armgcc/bin/../lib/gcc/arm-none-eabi/4.7.3/armv6-m\libgcc.a(floatsisf.o)
                              obj\debug\src\bmp180.o (__aeabi_i2f)
c:/program files (x86)/emblocks/2.30/share/em_armgcc/bin/../lib/gcc/arm-none-eabi/4.7.3/armv6-m\libgcc.a(muldf3.o)
                              obj\debug\src\servo.o (__aeabi_dmul)
c:/program files (x86)/emblocks/2.30/share/em_armgcc/bin/../lib/gcc/arm-none-eabi/4.7.3/armv6-m\libgcc.a(subdf3.o)
                              c:/program files (x86)/emblocks/2.30/share/em_armgcc/bin/../lib/gcc/arm-none-eabi/4.7.3/armv6-m\libgcc.a(_fixunsdfsi.o) (__aeabi_dsub)
c:/program files (x86)/emblocks/2.30/share/em_armgcc/bin/../lib/gcc/arm-none-eabi/4.7.3/armv6-m\libgcc.a(fixdfsi.o)
                              c:/program files (x86)/emblocks/2.30/share/em_armgcc/bin/../lib/gcc/arm-none-eabi/4.7.3/armv6-m\libgcc.a(_fixunsdfsi.o) (__aeabi_d2iz)
c:/program files (x86)/emblocks/2.30/share/em_armgcc/bin/../lib/gcc/arm-none-eabi/4.7.3/armv6-m\libgcc.a(floatsidf.o)
                              obj\debug\src\servo.o (__aeabi_i2d)
c:/program files (x86)/emblocks/2.30/share/em_armgcc/bin/../lib/gcc/arm-none-eabi/4.7.3/armv6-m\libgcc.a(_arm_cmpdf2.o)
                              c:/program files (x86)/emblocks/2.30/share/em_armgcc/bin/../lib/gcc/arm-none-eabi/4.7.3/armv6-m\libgcc.a(_fixunsdfsi.o) (__aeabi_dcmpge)
c:/program files (x86)/emblocks/2.30/share/em_armgcc/bin/../lib/gcc/arm-none-eabi/4.7.3/armv6-m\libgcc.a(_clzsi2.o)
                              c:/program files (x86)/emblocks/2.30/share/em_armgcc/bin/../lib/gcc/arm-none-eabi/4.7.3/armv6-m\libgcc.a(divsf3.o) (__clzsi2)
c:/program files (x86)/emblocks/2.30/share/em_armgcc/bin/../lib/gcc/arm-none-eabi/4.7.3/armv6-m\libgcc.a(eqdf2.o)
                              c:/program files (x86)/emblocks/2.30/share/em_armgcc/bin/../lib/gcc/arm-none-eabi/4.7.3/armv6-m\libgcc.a(_arm_cmpdf2.o) (__eqdf2)
c:/program files (x86)/emblocks/2.30/share/em_armgcc/bin/../lib/gcc/arm-none-eabi/4.7.3/armv6-m\libgcc.a(gedf2.o)
                              c:/program files (x86)/emblocks/2.30/share/em_armgcc/bin/../lib/gcc/arm-none-eabi/4.7.3/armv6-m\libgcc.a(_arm_cmpdf2.o) (__gedf2)
c:/program files (x86)/emblocks/2.30/share/em_armgcc/bin/../lib/gcc/arm-none-eabi/4.7.3/armv6-m\libgcc.a(ledf2.o)
                              c:/program files (x86)/emblocks/2.30/share/em_armgcc/bin/../lib/gcc/arm-none-eabi/4.7.3/armv6-m\libgcc.a(_arm_cmpdf2.o) (__ledf2)
c:/program files (x86)/emblocks/2.30/share/em_armgcc/bin/../lib/gcc/arm-none-eabi/4.7.3/../../../../arm-none-eabi/lib/armv6-m\libc_n.a(lib_a-exit.o)
                              c:/program files (x86)/emblocks/2.30/share/em_armgcc/bin/../lib/gcc/arm-none-eabi/4.7.3/../../../../arm-none-eabi/lib/armv6-m/crt0.o (exit)
c:/program files (x86)/emblocks/2.30/share/em_armgcc/bin/../lib/gcc/arm-none-eabi/4.7.3/../../../../arm-none-eabi/lib/armv6-m\libc_n.a(lib_a-impure.o)
                              c:/program files (x86)/emblocks/2.30/share/em_armgcc/bin/../lib/gcc/arm-none-eabi/4.7.3/../../../../arm-none-eabi/lib/armv6-m\libc_n.a(lib_a-exit.o) (_global_impure_ptr)
c:/program files (x86)/emblocks/2.30/share/em_armgcc/bin/../lib/gcc/arm-none-eabi/4.7.3/../../../../arm-none-eabi/lib/armv6-m\libc_n.a(lib_a-init.o)
                              c:/program files (x86)/emblocks/2.30/share/em_armgcc/bin/../lib/gcc/arm-none-eabi/4.7.3/../../../../arm-none-eabi/lib/armv6-m/crt0.o (__libc_init_array)
c:/program files (x86)/emblocks/2.30/share/em_armgcc/bin/../lib/gcc/arm-none-eabi/4.7.3/../../../../arm-none-eabi/lib/armv6-m\libc_n.a(lib_a-memcpy-stub.o)
                              obj\debug\src\sim808.o (memcpy)
c:/program files (x86)/emblocks/2.30/share/em_armgcc/bin/../lib/gcc/arm-none-eabi/4.7.3/../../../../arm-none-eabi/lib/armv6-m\libc_n.a(lib_a-memset.o)
[...]
Memory Configuration

Name             Origin             Length             Attributes
ROM              0x08000000         0x00008000         xr
RAM              0x20000000         0x00001000         xrw
*default*        0x00000000         0xffffffff

Linker script and memory map

LOAD c:/program files (x86)/emblocks/2.30/share/em_armgcc/bin/../lib/gcc/arm-none-eabi/4.7.3/armv6-m/crti.o
LOAD c:/program files (x86)/emblocks/2.30/share/em_armgcc/bin/../lib/gcc/arm-none-eabi/4.7.3/armv6-m/crtbegin.o
LOAD c:/program files (x86)/emblocks/2.30/share/em_armgcc/bin/../lib/gcc/arm-none-eabi/4.7.3/../../../../arm-none-eabi/lib/armv6-m/crt0.o
                0x00000000                __HEAP_SIZE = 0x0
                0x00000100                __STACK_SIZE = 0x100

.text           0x08000000     0x52d8
 *(.isr_vector)
 .isr_vector    0x08000000       0xc4 obj\debug\src\startup_stm32f0xx.o
                0x08000000                __isr_vector
 *(.text*)
 .text          0x080000c4       0x60 c:/program files (x86)/emblocks/2.30/share/em_armgcc/bin/../lib/gcc/arm-none-eabi/4.7.3/armv6-m/crtbegin.o
 .text          0x08000124       0x78 c:/program files (x86)/emblocks/2.30/share/em_armgcc/bin/../lib/gcc/arm-none-eabi/4.7.3/../../../../arm-none-eabi/lib/armv6-m/crt0.o
                0x08000124                _start
                0x08000124                _mainCRTStartup
 .text.GPIO_Init
                0x0800019c      0x138 obj\debug\spl\src\stm32f0xx_gpio.o
                0x0800019c                GPIO_Init
 .text.GPIO_SetBits
                0x080002d4       0x1c obj\debug\spl\src\stm32f0xx_gpio.o
                0x080002d4                GPIO_SetBits
 .text.GPIO_ResetBits
                0x080002f0       0x1c obj\debug\spl\src\stm32f0xx_gpio.o
                0x080002f0                GPIO_ResetBits
 .text.GPIO_PinAFConfig
                0x0800030c       0x9c obj\debug\spl\src\stm32f0xx_gpio.o
                0x0800030c                GPIO_PinAFConfig
 .text.I2C_Init
                0x080003a8       0xd0 obj\debug\spl\src\stm32f0xx_i2c.o
                0x080003a8                I2C_Init
 .text.I2C_Cmd  0x08000478       0x3c obj\debug\spl\src\stm32f0xx_i2c.o
                0x08000478                I2C_Cmd
 .text.NVIC_Init
                0x080004b4       0xac obj\debug\spl\src\stm32f0xx_misc.o
                0x080004b4                NVIC_Init
 .text.RCC_GetClocksFreq
                0x08000560      0x264 obj\debug\spl\src\stm32f0xx_rcc.o
                0x08000560                RCC_GetClocksFreq
 .text.RCC_AHBPeriphClockCmd
                0x080007c4       0x3c obj\debug\spl\src\stm32f0xx_rcc.o
                0x080007c4                RCC_AHBPeriphClockCmd
 .text.RCC_APB2PeriphClockCmd
                0x08000800       0x3c obj\debug\spl\src\stm32f0xx_rcc.o
                0x08000800                RCC_APB2PeriphClockCmd
 .text.RCC_APB1PeriphClockCmd
                0x0800083c       0x3c obj\debug\spl\src\stm32f0xx_rcc.o
                0x0800083c                RCC_APB1PeriphClockCmd
 .text.TIM_TimeBaseInit
                0x08000878       0xf0 obj\debug\spl\src\stm32f0xx_tim.o
                0x08000878                TIM_TimeBaseInit
 .text.TIM_Cmd  0x08000968       0x40 obj\debug\spl\src\stm32f0xx_tim.o
                0x08000968                TIM_Cmd
 .text.TIM_CtrlPWMOutputs
                0x080009a8       0x4c obj\debug\spl\src\stm32f0xx_tim.o
                0x080009a8                TIM_CtrlPWMOutputs
 .text.TIM_OC1Init
                0x080009f4      0x1a4 obj\debug\spl\src\stm32f0xx_tim.o
                0x080009f4                TIM_OC1Init
 .text.TIM_OC1PreloadConfig
                0x08000b98       0x54 obj\debug\spl\src\stm32f0xx_tim.o
                0x08000b98                TIM_OC1PreloadConfig
 .text.USART_Init
                0x08000bec      0x174 obj\debug\spl\src\stm32f0xx_usart.o
                0x08000bec                USART_Init
 .text.USART_Cmd
                0x08000d60       0x3c obj\debug\spl\src\stm32f0xx_usart.o
                0x08000d60                USART_Cmd
 .text.USART_SendData
                0x08000d9c       0x24 obj\debug\spl\src\stm32f0xx_usart.o
                0x08000d9c                USART_SendData
 .text.USART_ReceiveData
                0x08000dc0       0x1c obj\debug\spl\src\stm32f0xx_usart.o
                0x08000dc0                USART_ReceiveData
 .text.USART_ITConfig
                0x08000ddc       0x84 obj\debug\spl\src\stm32f0xx_usart.o
                0x08000ddc                USART_ITConfig
 .text.USART_GetFlagStatus
                0x08000e60       0x3c obj\debug\spl\src\stm32f0xx_usart.o
                0x08000e60                USART_GetFlagStatus
 .text.USART_GetITStatus
                0x08000e9c       0xb4 obj\debug\spl\src\stm32f0xx_usart.o
                0x08000e9c                USART_GetITStatus
 .text.debugInit
                0x08000f50       0x8c obj\debug\src\debug.o
                0x08000f50                debugInit
 .text.debugSend
                0x08000fdc       0x70 obj\debug\src\debug.o
                0x08000fdc                debugSend
 .text.debugSend2
                0x0800104c       0x60 obj\debug\src\debug.o
                0x0800104c                debugSend2
 .text.USART1_IRQHandler
                0x080010ac       0x48 obj\debug\src\debug.o
                0x080010ac                USART1_IRQHandler
 .text._printfLngS
                0x080010f4       0x44 obj\debug\src\debug.o
                0x080010f4                _printfLngS
 .text.NVIC_SystemReset
                0x08001138       0x1c obj\debug\src\sim808.o
 .text.simInit  0x08001154       0x8c obj\debug\src\sim808.o
                0x08001154                simInit
 .text.simSend  0x080011e0       0x84 obj\debug\src\sim808.o
                0x080011e0                simSend
 .text.simSendRaw
                0x08001264       0x68 obj\debug\src\sim808.o
                0x08001264                simSendRaw
 .text.simTransmit
                0x080012cc      0x110 obj\debug\src\sim808.o
                0x080012cc                simTransmit
 .text.flushReceiveBuffer
                0x080013dc       0x44 obj\debug\src\sim808.o
                0x080013dc                flushReceiveBuffer
 .text.simAvailable
                0x08001420       0x28 obj\debug\src\sim808.o
                0x08001420                simAvailable
 .text.USART2_IRQHandler
                0x08001448       0x50 obj\debug\src\sim808.o
                0x08001448                USART2_IRQHandler
 .text.nethandler_umqtt_init
                0x08001498       0x48 obj\debug\src\sim808.o
                0x08001498                nethandler_umqtt_init
 .text.simCheckResult
                0x080014e0       0x74 obj\debug\src\sim808.o
                0x080014e0                simCheckResult
 .text.simNetReg
                0x08001554       0x4c obj\debug\src\sim808.o
                0x08001554                simNetReg
 .text.simGPRSAttached
                0x080015a0       0x34 obj\debug\src\sim808.o
                0x080015a0                simGPRSAttached
 .text.simBatteryCheck
                0x080015d4       0xb4 obj\debug\src\sim808.o
                0x080015d4                simBatteryCheck
 .text.simNoEcho
                0x08001688       0x34 obj\debug\src\sim808.o
                0x08001688                simNoEcho
 .text.simResetIPSession
                0x080016bc       0x68 obj\debug\src\sim808.o
                0x080016bc                simResetIPSession
 .text.simMUX   0x08001724       0x34 obj\debug\src\sim808.o
                0x08001724                simMUX
 .text.simAPN   0x08001758       0x34 obj\debug\src\sim808.o
                0x08001758                simAPN
 .text.simPing  0x0800178c       0x6c obj\debug\src\sim808.o
                0x0800178c                simPing
 .text.simUpdateState
                0x080017f8      0x160 obj\debug\src\sim808.o
                0x080017f8                simUpdateState
 .text.checkInitalStatus
                0x08001958      0x284 obj\debug\src\sim808.o
                0x08001958                checkInitalStatus
 .text.whatStateAmIIn
                0x08001bdc       0xc8 obj\debug\src\sim808.o
                0x08001bdc                whatStateAmIIn
 .text.simConnect
                0x08001ca4      0x1c0 obj\debug\src\sim808.o
                0x08001ca4                simConnect
 .text.pressureAverage
                0x08001e64       0x10 obj\debug\src\bmp180.o
                0x08001e64                pressureAverage
 .text.NVIC_SystemReset
                0x08001e74       0x1c obj\debug\src\main.o
 .text.main     0x08001e90      0x2c0 obj\debug\src\main.o
                0x08001e90                main
 .text.gpioInit
                0x08002150      0x194 obj\debug\src\main.o
                0x08002150                gpioInit
 .text.recievePacket
                0x080022e4      0x178 obj\debug\src\main.o
                0x080022e4                recievePacket
 .text.parseData
                0x0800245c       0x5c obj\debug\src\main.o
                0x0800245c                parseData
 .text.servoInit
                0x080024b8       0x9c obj\debug\src\servo.o
                0x080024b8                servoInit
 *fill*         0x08002554        0x4 
 .text.servoSet
                0x08002558       0x48 obj\debug\src\servo.o
                0x08002558                servoSet
 .text.servoUp  0x080025a0       0x14 obj\debug\src\servo.o
                0x080025a0                servoUp
 .text.servoDown
                0x080025b4       0x14 obj\debug\src\servo.o
                0x080025b4                servoDown
 .text.servoDrop
                0x080025c8       0x14 obj\debug\src\servo.o
                0x080025c8                servoDrop
 .text.servoNone
                0x080025dc       0x14 obj\debug\src\servo.o
                0x080025dc                servoNone
 .text          0x080025f0       0xa0 obj\debug\src\startup_stm32f0xx.o
                0x080025f0                Reset_Handler
                0x0800263a                NMI_Handler
                0x0800263c                HardFault_Handler
                0x0800263e                SVC_Handler
                0x08002640                PendSV_Handler
                0x08002644                Default_Handler
                0x08002646                WWDG_IRQHandler
                0x08002648                PVD_IRQHandler
                0x0800264a                RTC_IRQHandler
                0x0800264c                FLASH_IRQHandler
                0x0800264e                RCC_IRQHandler
                0x08002650                EXTI0_1_IRQHandler
                0x08002652                EXTI2_3_IRQHandler
                0x08002654                EXTI4_15_IRQHandler
                0x08002656                TS_IRQHandler
                0x08002658                DMA1_Channel1_IRQHandler
                0x0800265a                DMA1_Channel2_3_IRQHandler
                0x0800265c                DMA1_Channel4_5_IRQHandler
                0x0800265e                ADC1_COMP_IRQHandler
                0x08002660                TIM1_BRK_UP_TRG_COM_IRQHandler
                0x08002662                TIM1_CC_IRQHandler
                0x08002664                TIM2_IRQHandler
                0x08002666                TIM3_IRQHandler
                0x08002668                TIM6_DAC_IRQHandler
                0x0800266a                TIM7_IRQHandler
                0x0800266c                TIM14_IRQHandler
                0x0800266e                TIM15_IRQHandler
                0x08002670                TIM16_IRQHandler
                0x08002672                TIM17_IRQHandler
                0x08002674                I2C1_IRQHandler
                0x08002676                I2C2_IRQHandler
                0x08002678                SPI1_IRQHandler
                0x0800267a                SPI2_IRQHandler
                0x08002680                USART3_4_IRQHandler
                0x08002682                CEC_IRQHandler
                0x08002684                USB_IRQHandler
                0x08002686                BootRAM
 .text.SystemInit
                0x08002690       0x8c obj\debug\src\system_stm32f0xx.o
                0x08002690                SystemInit
 .text.SetSysClock
                0x0800271c       0xe0 obj\debug\src\system_stm32f0xx.o
 .text.NVIC_SetPriority
                0x080027fc       0xe0 obj\debug\src\timing.o
 .text.NVIC_SystemReset
                0x080028dc       0x1c obj\debug\src\timing.o
 .text.SysTick_Config
                0x080028f8       0x4c obj\debug\src\timing.o
 .text.initDelay
                0x08002944       0x48 obj\debug\src\timing.o
                0x08002944                initDelay
 .text.delayMilliIT
                0x0800298c       0x24 obj\debug\src\timing.o
                0x0800298c                delayMilliIT
 .text.TimingDelay_Decrement
                0x080029b0       0x20 obj\debug\src\timing.o
                0x080029b0                TimingDelay_Decrement
 .text.SysTick_Handler
                0x080029d0       0x54 obj\debug\src\timing.o
                0x080029d0                SysTick_Handler
 .text.resetWatchdog
                0x08002a24       0x14 obj\debug\src\timing.o
                0x08002a24                resetWatchdog
 .text.umqtt_encode_length
                0x08002a38       0x64 obj\debug\src\umqtt.o
 .text.umqtt_circ_init
                0x08002a9c       0x1c obj\debug\src\umqtt.o
                0x08002a9c                umqtt_circ_init
 .text.umqtt_circ_push
                0x08002ab8       0x9c obj\debug\src\umqtt.o
                0x08002ab8                umqtt_circ_push
 .text.umqtt_init
                0x08002b54       0x30 obj\debug\src\umqtt.o
                0x08002b54                umqtt_init
 .text.umqtt_connect
                0x08002b84      0x1ec obj\debug\src\umqtt.o
                0x08002b84                umqtt_connect
 .text.umqtt_subscribe
                0x08002d70      0x130 obj\debug\src\umqtt.o
                0x08002d70                umqtt_subscribe
 .text.umqtt_publish
                0x08002ea0       0xa4 obj\debug\src\umqtt.o
                0x08002ea0                umqtt_publish
 .text          0x08002f44       0x9c c:/program files (x86)/emblocks/2.30/share/em_armgcc/bin/../lib/gcc/arm-none-eabi/4.7.3/armv6-m\libgcc.a(_udivsi3.o)
                0x08002f44                __aeabi_uidiv
                0x08002f44                __udivsi3
                0x08002fcc                __aeabi_uidivmod
 .text          0x08002fe0       0xc0 c:/program files (x86)/emblocks/2.30/share/em_armgcc/bin/../lib/gcc/arm-none-eabi/4.7.3/armv6-m\libgcc.a(_divsi3.o)
                0x08002fe0                __divsi3
                0x08002fe0                __aeabi_idiv
                0x0800308c                __aeabi_idivmod
 .text          0x080030a0        0x4 c:/program files (x86)/emblocks/2.30/share/em_armgcc/bin/../lib/gcc/arm-none-eabi/4.7.3/armv6-m\libgcc.a(_dvmd_tls.o)
                0x080030a0                __aeabi_idiv0
                0x080030a0                __aeabi_ldiv0
 *fill*         0x080030a4        0x4 
 .text          0x080030a8       0x40 c:/program files (x86)/emblocks/2.30/share/em_armgcc/bin/../lib/gcc/arm-none-eabi/4.7.3/armv6-m\libgcc.a(_fixunsdfsi.o)
                0x080030a8                __aeabi_d2uiz
                0x080030a8                __fixunsdfsi
 .text          0x080030e8      0x4e8 c:/program files (x86)/emblocks/2.30/share/em_armgcc/bin/../lib/gcc/arm-none-eabi/4.7.3/armv6-m\libgcc.a(muldf3.o)
                0x080030e8                __aeabi_dmul
 .text          0x080035d0      0x708 c:/program files (x86)/emblocks/2.30/share/em_armgcc/bin/../lib/gcc/arm-none-eabi/4.7.3/armv6-m\libgcc.a(subdf3.o)
                0x080035d0                __aeabi_dsub
 .text          0x08003cd8       0x68 c:/program files (x86)/emblocks/2.30/share/em_armgcc/bin/../lib/gcc/arm-none-eabi/4.7.3/armv6-m\libgcc.a(fixdfsi.o)
                0x08003cd8                __aeabi_d2iz
 .text          0x08003d40       0x7c c:/program files (x86)/emblocks/2.30/share/em_armgcc/bin/../lib/gcc/arm-none-eabi/4.7.3/armv6-m\libgcc.a(floatsidf.o)
                0x08003d40                __aeabi_i2d
 .text          0x08003dbc       0x7c c:/program files (x86)/emblocks/2.30/share/em_armgcc/bin/../lib/gcc/arm-none-eabi/4.7.3/armv6-m\libgcc.a(_arm_cmpdf2.o)
                0x08003dbc                __aeabi_cdrcmple
                0x08003dcc                __aeabi_cdcmple
                0x08003dcc                __aeabi_cdcmpeq
                0x08003ddc                __aeabi_dcmpeq
                0x08003de8                __aeabi_dcmplt
                0x08003dfc                __aeabi_dcmple
                0x08003e10                __aeabi_dcmpgt
                0x08003e24                __aeabi_dcmpge
 .text          0x08003e38       0x3c c:/program files (x86)/emblocks/2.30/share/em_armgcc/bin/../lib/gcc/arm-none-eabi/4.7.3/armv6-m\libgcc.a(_clzsi2.o)
                0x08003e38                __clzsi2
 .text          0x08003e74       0x80 c:/program files (x86)/emblocks/2.30/share/em_armgcc/bin/../lib/gcc/arm-none-eabi/4.7.3/armv6-m\libgcc.a(eqdf2.o)
                0x08003e74                __nedf2
                0x08003e74                __eqdf2
 .text          0x08003ef4       0xe0 c:/program files (x86)/emblocks/2.30/share/em_armgcc/bin/../lib/gcc/arm-none-eabi/4.7.3/armv6-m\libgcc.a(gedf2.o)
                0x08003ef4                __gedf2
                0x08003ef4                __gtdf2
 .text          0x08003fd4       0xc0 c:/program files (x86)/emblocks/2.30/share/em_armgcc/bin/../lib/gcc/arm-none-eabi/4.7.3/armv6-m\libgcc.a(ledf2.o)
                0x08003fd4                __ledf2
                0x08003fd4                __ltdf2
 .text.exit     0x08004094       0x2c c:/program files (x86)/emblocks/2.30/share/em_armgcc/bin/../lib/gcc/arm-none-eabi/4.7.3/../../../../arm-none-eabi/lib/armv6-m\libc_n.a(lib_a-exit.o)
                0x08004094                exit
 .text.__libc_init_array
                0x080040c0       0x4c c:/program files (x86)/emblocks/2.30/share/em_armgcc/bin/../lib/gcc/arm-none-eabi/4.7.3/../../../../arm-none-eabi/lib/armv6-m\libc_n.a(lib_a-init.o)
                0x080040c0                __libc_init_array
 .text.memcpy   0x0800410c       0x12 c:/program files (x86)/emblocks/2.30/share/em_armgcc/bin/../lib/gcc/arm-none-eabi/4.7.3/../../../../arm-none-eabi/lib/armv6-m\libc_n.a(lib_a-memcpy-stub.o)
                0x0800410c                memcpy
 .text.memset   0x0800411e       0x12 c:/program files (x86)/emblocks/2.30/share/em_armgcc/bin/../lib/gcc/arm-none-eabi/4.7.3/../../../../arm-none-eabi/lib/armv6-m\libc_n.a(lib_a-memset.o)
                0x0800411e                memset
 .text.rand     0x08004130       0x78 c:/program files (x86)/emblocks/2.30/share/em_armgcc/bin/../lib/gcc/arm-none-eabi/4.7.3/../../../../arm-none-eabi/lib/armv6-m\libc_n.a(lib_a-rand.o)
                0x08004130                rand
 .text.sprintf  0x080041a8       0x44 c:/program files (x86)/emblocks/2.30/share/em_armgcc/bin/../lib/gcc/arm-none-eabi/4.7.3/../../../../arm-none-eabi/lib/armv6-m\libc_n.a(lib_a-sprintf.o)
                0x080041a8                siprintf
                0x080041a8                sprintf
 .text.strchr   0x080041ec       0x1e c:/program files (x86)/emblocks/2.30/share/em_armgcc/bin/../lib/gcc/arm-none-eabi/4.7.3/../../../../arm-none-eabi/lib/armv6-m\libc_n.a(lib_a-strchr.o)
                0x080041ec                strchr
 .text.strlen   0x0800420a        0xe c:/program files (x86)/emblocks/2.30/share/em_armgcc/bin/../lib/gcc/arm-none-eabi/4.7.3/../../../../arm-none-eabi/lib/armv6-m\libc_n.a(lib_a-strlen.o)
                0x0800420a                strlen
 .text.strstr   0x08004218       0x30 c:/program files (x86)/emblocks/2.30/share/em_armgcc/bin/../lib/gcc/arm-none-eabi/4.7.3/../../../../arm-none-eabi/lib/armv6-m\libc_n.a(lib_a-strstr.o)
                0x08004218                strstr
 .text.__ssputs_r
                0x08004248       0xc8 c:/program files (x86)/emblocks/2.30/share/em_armgcc/bin/../lib/gcc/arm-none-eabi/4.7.3/../../../../arm-none-eabi/lib/armv6-m\libc_n.a(lib_a-svfprintf.o)
                0x08004248                __ssputs_r
 .text._svfprintf_r
                0x08004310      0x1e8 c:/program files (x86)/emblocks/2.30/share/em_armgcc/bin/../lib/gcc/arm-none-eabi/4.7.3/../../../../arm-none-eabi/lib/armv6-m\libc_n.a(lib_a-svfprintf.o)
                0x08004310                _svfiprintf_r
                0x08004310                _svfprintf_r
 .text._printf_common
                0x080044f8       0xe6 c:/program files (x86)/emblocks/2.30/share/em_armgcc/bin/../lib/gcc/arm-none-eabi/4.7.3/../../../../arm-none-eabi/lib/armv6-m\libc_n.a(lib_a-vfprintf_i.o)
                0x080044f8                _printf_common
 *fill*         0x080045de        0x2 
 .text._printf_i
                0x080045e0      0x248 c:/program files (x86)/emblocks/2.30/share/em_armgcc/bin/../lib/gcc/arm-none-eabi/4.7.3/../../../../arm-none-eabi/lib/armv6-m\libc_n.a(lib_a-vfprintf_i.o)
                0x080045e0                _printf_i
 .text.malloc   0x08004828       0x14 c:/program files (x86)/emblocks/2.30/share/em_armgcc/bin/../lib/gcc/arm-none-eabi/4.7.3/../../../../arm-none-eabi/lib/armv6-m\libc_n.a(lib_a-malloc.o)
                0x08004828                malloc
 .text.memchr   0x0800483c       0x18 c:/program files (x86)/emblocks/2.30/share/em_armgcc/bin/../lib/gcc/arm-none-eabi/4.7.3/../../../../arm-none-eabi/lib/armv6-m\libc_n.a(lib_a-memchr-stub.o)
                0x0800483c                memchr
 .text.memmove  0x08004854       0x30 c:/program files (x86)/emblocks/2.30/share/em_armgcc/bin/../lib/gcc/arm-none-eabi/4.7.3/../../../../arm-none-eabi/lib/armv6-m\libc_n.a(lib_a-memmove.o)
                0x08004854                memmove
 .text._free_r  0x08004884       0x9c c:/program files (x86)/emblocks/2.30/share/em_armgcc/bin/../lib/gcc/arm-none-eabi/4.7.3/../../../../arm-none-eabi/lib/armv6-m\libc_n.a(lib_a-nano-freer.o)
                0x08004884                _free_r
 .text._malloc_r
                0x08004920       0xb0 c:/program files (x86)/emblocks/2.30/share/em_armgcc/bin/../lib/gcc/arm-none-eabi/4.7.3/../../../../arm-none-eabi/lib/armv6-m\libc_n.a(lib_a-nano-mallocr.o)
                0x08004920                _malloc_r
 .text._realloc_r
                0x080049d0       0x4e c:/program files (x86)/emblocks/2.30/share/em_armgcc/bin/../lib/gcc/arm-none-eabi/4.7.3/../../../../arm-none-eabi/lib/armv6-m\libc_n.a(lib_a-nano-reallocr.o)
                0x080049d0                _realloc_r
 *fill*         0x08004a1e        0x2 
 .text._sbrk_r  0x08004a20       0x24 c:/program files (x86)/emblocks/2.30/share/em_armgcc/bin/../lib/gcc/arm-none-eabi/4.7.3/../../../../arm-none-eabi/lib/armv6-m\libc_n.a(lib_a-sbrkr.o)
                0x08004a20                _sbrk_r
 .text._malloc_usable_size_r
                0x08004a44       0x14 c:/program files (x86)/emblocks/2.30/share/em_armgcc/bin/../lib/gcc/arm-none-eabi/4.7.3/../../../../arm-none-eabi/lib/armv6-m\libc_n.a(lib_a-nano-msizer.o)
                0x08004a44                _malloc_usable_size_r
 .text._sbrk    0x08004a58       0x38 c:/program files (x86)/emblocks/2.30/share/em_armgcc/bin/../lib/gcc/arm-none-eabi/4.7.3/../../../../arm-none-eabi/lib/armv6-m\libnosys.a(sbrk.o)
                0x08004a58                _sbrk
 .text._exit    0x08004a90        0x4 c:/program files (x86)/emblocks/2.30/share/em_armgcc/bin/../lib/gcc/arm-none-eabi/4.7.3/../../../../arm-none-eabi/lib/armv6-m\libnosys.a(_exit.o)
                0x08004a90                _exit
 .text          0x08004a94       0x44 c:/program files (x86)/emblocks/2.30/share/em_armgcc/bin/../lib/gcc/arm-none-eabi/4.7.3/armv6-m\libgcc.a(_muldi3.o)
                0x08004a94                __muldi3
                0x08004a94                __aeabi_lmul
 *(.init)
 .init          0x08004ad8        0x4 c:/program files (x86)/emblocks/2.30/share/em_armgcc/bin/../lib/gcc/arm-none-eabi/4.7.3/armv6-m/crti.o
                0x08004ad8                _init
 .init          0x08004adc        0x8 c:/program files (x86)/emblocks/2.30/share/em_armgcc/bin/../lib/gcc/arm-none-eabi/4.7.3/armv6-m/crtn.o
 *(.fini)
 .fini          0x08004ae4        0x4 c:/program files (x86)/emblocks/2.30/share/em_armgcc/bin/../lib/gcc/arm-none-eabi/4.7.3/armv6-m/crti.o
                0x08004ae4                _fini
 .fini          0x08004ae8        0x8 c:/program files (x86)/emblocks/2.30/share/em_armgcc/bin/../lib/gcc/arm-none-eabi/4.7.3/armv6-m/crtn.o
 *crtbegin.o(.ctors)
 *crtbegin?.o(.ctors)
 *(EXCLUDE_FILE(*crtend.o *crtend?.o) .ctors)
 *(SORT(.ctors.*))
 *(.ctors)
 *crtbegin.o(.dtors)
 *crtbegin?.o(.dtors)
 *(EXCLUDE_FILE(*crtend.o *crtend?.o) .dtors)
 *(SORT(.dtors.*))
 *(.dtors)
 *(.rodata*)
 .rodata        0x08004af0       0x10 obj\debug\src\debug.o
 .rodata        0x08004b00      0x4d4 obj\debug\src\sim808.o
 .rodata.whatStateAmIIn
                0x08004fd4       0x30 obj\debug\src\sim808.o
 .rodata        0x08005004      0x1e0 obj\debug\src\main.o
 .rodata        0x080051e4       0x14 obj\debug\src\timing.o
 .rodata        0x080051f8       0x40 c:/program files (x86)/emblocks/2.30/share/em_armgcc/bin/../lib/gcc/arm-none-eabi/4.7.3/armv6-m\libgcc.a(muldf3.o)
 .rodata.str1.1
                0x08005238        0x2 c:/program files (x86)/emblocks/2.30/share/em_armgcc/bin/../lib/gcc/arm-none-eabi/4.7.3/../../../../arm-none-eabi/lib/armv6-m\libc_n.a(lib_a-impure.o)
 *fill*         0x0800523a        0x2 
 .rodata._global_impure_ptr
                0x0800523c        0x4 c:/program files (x86)/emblocks/2.30/share/em_armgcc/bin/../lib/gcc/arm-none-eabi/4.7.3/../../../../arm-none-eabi/lib/armv6-m\libc_n.a(lib_a-impure.o)
                0x0800523c                _global_impure_ptr
 .rodata.str1.1
                0x08005240       0x11 c:/program files (x86)/emblocks/2.30/share/em_armgcc/bin/../lib/gcc/arm-none-eabi/4.7.3/../../../../arm-none-eabi/lib/armv6-m\libc_n.a(lib_a-svfprintf.o)
 .rodata.str1.1
                0x08005251       0x22 c:/program files (x86)/emblocks/2.30/share/em_armgcc/bin/../lib/gcc/arm-none-eabi/4.7.3/../../../../arm-none-eabi/lib/armv6-m\libc_n.a(lib_a-vfprintf_i.o)
 *fill*         0x08005273        0x1 
 .rodata.__sf_fake_stdin
                0x08005274       0x20 c:/program files (x86)/emblocks/2.30/share/em_armgcc/bin/../lib/gcc/arm-none-eabi/4.7.3/../../../../arm-none-eabi/lib/armv6-m\libc_n.a(lib_a-findfp.o)
                0x08005274                __sf_fake_stdin
 .rodata.__sf_fake_stdout
                0x08005294       0x20 c:/program files (x86)/emblocks/2.30/share/em_armgcc/bin/../lib/gcc/arm-none-eabi/4.7.3/../../../../arm-none-eabi/lib/armv6-m\libc_n.a(lib_a-findfp.o)
                0x08005294                __sf_fake_stdout
 .rodata.__sf_fake_stderr
                0x080052b4       0x20 c:/program files (x86)/emblocks/2.30/share/em_armgcc/bin/../lib/gcc/arm-none-eabi/4.7.3/../../../../arm-none-eabi/lib/armv6-m\libc_n.a(lib_a-findfp.o)
                0x080052b4                __sf_fake_stderr
 *(.eh_frame*)
 .eh_frame      0x080052d4        0x0 c:/program files (x86)/emblocks/2.30/share/em_armgcc/bin/../lib/gcc/arm-none-eabi/4.7.3/armv6-m/crtbegin.o
 .eh_frame      0x080052d4        0x4 c:/program files (x86)/emblocks/2.30/share/em_armgcc/bin/../lib/gcc/arm-none-eabi/4.7.3/armv6-m/crtend.o

.glue_7         0x080052d8        0x0
 .glue_7        0x00000000        0x0 linker stubs

.glue_7t        0x080052d8        0x0
 .glue_7t       0x00000000        0x0 linker stubs

.vfp11_veneer   0x080052d8        0x0
 .vfp11_veneer  0x00000000        0x0 linker stubs

.v4_bx          0x080052d8        0x0
 .v4_bx         0x00000000        0x0 linker stubs

.iplt           0x080052d8        0x0
 .iplt          0x00000000        0x0 c:/program files (x86)/emblocks/2.30/share/em_armgcc/bin/../lib/gcc/arm-none-eabi/4.7.3/armv6-m/crtbegin.o

.ARM.extab
 *(.ARM.extab* .gnu.linkonce.armextab.*)
                0x080052d8                __exidx_start = .

.ARM.exidx      0x080052d8        0x8
 *(.ARM.exidx* .gnu.linkonce.armexidx.*)
 .ARM.exidx     0x080052d8        0x8 c:/program files (x86)/emblocks/2.30/share/em_armgcc/bin/../lib/gcc/arm-none-eabi/4.7.3/../../../../arm-none-eabi/lib/armv6-m/crt0.o
                0x080052e0                __exidx_end = .
                0x080052e0                __etext = .

.rel.dyn        0x080052e0        0x0
 .rel.iplt      0x00000000        0x0 c:/program files (x86)/emblocks/2.30/share/em_armgcc/bin/../lib/gcc/arm-none-eabi/4.7.3/armv6-m/crtbegin.o

.data           0x20000000       0xc8 load address 0x080052e0
                0x20000000                __data_start__ = .
 *(vtable)
 *(.data*)
 .data.APBAHBPrescTable
                0x20000000       0x10 obj\debug\spl\src\stm32f0xx_rcc.o
 .data.connackAccept
                0x20000010        0x4 obj\debug\src\main.o
                0x20000010                connackAccept
 .data.mqtt     0x20000014       0x44 obj\debug\src\main.o
                0x20000014                mqtt
 .data.SystemCoreClock
                0x20000058        0x4 obj\debug\src\system_stm32f0xx.o
                0x20000058                SystemCoreClock
 .data.impure_data
                0x2000005c       0x60 c:/program files (x86)/emblocks/2.30/share/em_armgcc/bin/../lib/gcc/arm-none-eabi/4.7.3/../../../../arm-none-eabi/lib/armv6-m\libc_n.a(lib_a-impure.o)
 .data._impure_ptr
                0x200000bc        0x4 c:/program files (x86)/emblocks/2.30/share/em_armgcc/bin/../lib/gcc/arm-none-eabi/4.7.3/../../../../arm-none-eabi/lib/armv6-m\libc_n.a(lib_a-impure.o)
                0x200000bc                _impure_ptr
                0x200000c0                . = ALIGN (0x4)
                0x200000c0                PROVIDE (__preinit_array_start, .)
 *(.preinit_array)
                0x200000c0                PROVIDE (__preinit_array_end, .)
                0x200000c0                . = ALIGN (0x4)
                0x200000c0                PROVIDE (__init_array_start, .)
 *(SORT(.init_array.*))
 *(.init_array)
 .init_array    0x200000c0        0x4 c:/program files (x86)/emblocks/2.30/share/em_armgcc/bin/../lib/gcc/arm-none-eabi/4.7.3/armv6-m/crtbegin.o
                0x200000c4                PROVIDE (__init_array_end, .)
                0x200000c4                . = ALIGN (0x4)
                0x200000c4                PROVIDE (__fini_array_start, .)
 *(SORT(.fini_array.*))
 *(.fini_array)
 .fini_array    0x200000c4        0x4 c:/program files (x86)/emblocks/2.30/share/em_armgcc/bin/../lib/gcc/arm-none-eabi/4.7.3/armv6-m/crtbegin.o
                0x200000c8                PROVIDE (__fini_array_end, .)
                0x200000c8                . = ALIGN (0x4)
                0x200000c8                __data_end__ = .

.jcr            0x200000c8        0x0 load address 0x080053a8
 .jcr           0x200000c8        0x0 c:/program files (x86)/emblocks/2.30/share/em_armgcc/bin/../lib/gcc/arm-none-eabi/4.7.3/armv6-m/crtbegin.o

.igot.plt       0x200000c8        0x0 load address 0x080053a8
 .igot.plt      0x00000000        0x0 c:/program files (x86)/emblocks/2.30/share/em_armgcc/bin/../lib/gcc/arm-none-eabi/4.7.3/armv6-m/crtbegin.o

.bss            0x200000c8      0x4f4 load address 0x080053a8
                0x200000c8                __bss_start__ = .
 *(.bss*)
 .bss           0x200000c8       0x1c c:/program files (x86)/emblocks/2.30/share/em_armgcc/bin/../lib/gcc/arm-none-eabi/4.7.3/armv6-m/crtbegin.o
 .bss.rxBufLen  0x200000e4        0x2 obj\debug\src\sim808.o
                0x200000e4                rxBufLen
 .bss.current_state
                0x200000e6        0x1 obj\debug\src\main.o
                0x200000e6                current_state
 *fill*         0x200000e7        0x1 
 .bss.TimingDelay
                0x200000e8        0x4 obj\debug\src\timing.o
 .bss.msgTimout
                0x200000ec        0x1 obj\debug\src\timing.o
                0x200000ec                msgTimout
 *fill*         0x200000ed        0x3 
 .bss.globalTimer
                0x200000f0        0x4 obj\debug\src\timing.o
                0x200000f0                globalTimer
 .bss.__malloc_sbrk_start
                0x200000f4        0x4 c:/program files (x86)/emblocks/2.30/share/em_armgcc/bin/../lib/gcc/arm-none-eabi/4.7.3/../../../../arm-none-eabi/lib/armv6-m\libc_n.a(lib_a-nano-mallocr.o)
                0x200000f4                __malloc_sbrk_start
 .bss.__malloc_free_list
                0x200000f8        0x4 c:/program files (x86)/emblocks/2.30/share/em_armgcc/bin/../lib/gcc/arm-none-eabi/4.7.3/../../../../arm-none-eabi/lib/armv6-m\libc_n.a(lib_a-nano-mallocr.o)
                0x200000f8                __malloc_free_list
 .bss.heap_end.4240
                0x200000fc        0x4 c:/program files (x86)/emblocks/2.30/share/em_armgcc/bin/../lib/gcc/arm-none-eabi/4.7.3/../../../../arm-none-eabi/lib/armv6-m\libnosys.a(sbrk.o)
 *(COMMON)
 COMMON         0x20000100       0xcc obj\debug\src\debug.o
                0x20000100                receivedDebugLen
                0x20000104                receivedDebug
 COMMON         0x200001cc      0x12c obj\debug\src\sim808.o
                0x200001cc                rxBuf
 COMMON         0x200002f8      0x2c0 obj\debug\src\main.o
                0x200002f8                rxData
                0x20000424                Sensor1
                0x20000450                mqtt_rxbuff
                0x200004e8                mqtt_txbuff
                0x200005b0                sim808
 COMMON         0x200005b8        0x4 c:/program files (x86)/emblocks/2.30/share/em_armgcc/bin/../lib/gcc/arm-none-eabi/4.7.3/../../../../arm-none-eabi/lib/armv6-m\libc_n.a(lib_a-reent.o)
                0x200005b8                errno
                0x200005bc                __bss_end__ = .

.heap           0x200005c0        0x0
                0x200005c0                __end__ = .
                0x200005c0                end = __end__
 *(.heap*)
 .heap          0x200005c0        0x0 obj\debug\src\startup_stm32f0xx.o
                0x200005c0                __HeapLimit = .

.stack_dummy    0x200005c0      0x100
 *(.stack)
 .stack         0x200005c0      0x100 obj\debug\src\startup_stm32f0xx.o
                0x20001000                __StackTop = (ORIGIN (RAM) + 0x1000)
                0x20000f00                __StackLimit = (__StackTop - SIZEOF (.stack_dummy))
                0x20001000                PROVIDE (__stack, __StackTop)
                0x00000001                ASSERT ((__StackLimit >= __HeapLimit), region RAM overflowed with stack)
LOAD obj\debug\spl\src\stm32f0xx_adc.o
LOAD obj\debug\spl\src\stm32f0xx_can.o
LOAD obj\debug\spl\src\stm32f0xx_cec.o
LOAD obj\debug\spl\src\stm32f0xx_comp.o
LOAD obj\debug\spl\src\stm32f0xx_crc.o
LOAD obj\debug\spl\src\stm32f0xx_crs.o
LOAD obj\debug\spl\src\stm32f0xx_dac.o
LOAD obj\debug\spl\src\stm32f0xx_dbgmcu.o
LOAD obj\debug\spl\src\stm32f0xx_dma.o
LOAD obj\debug\spl\src\stm32f0xx_exti.o
LOAD obj\debug\spl\src\stm32f0xx_flash.o
LOAD obj\debug\spl\src\stm32f0xx_gpio.o
LOAD obj\debug\spl\src\stm32f0xx_i2c.o
LOAD obj\debug\spl\src\stm32f0xx_iwdg.o
LOAD obj\debug\spl\src\stm32f0xx_misc.o
LOAD obj\debug\spl\src\stm32f0xx_pwr.o
LOAD obj\debug\spl\src\stm32f0xx_rcc.o
LOAD obj\debug\spl\src\stm32f0xx_rtc.o
LOAD obj\debug\spl\src\stm32f0xx_spi.o
LOAD obj\debug\spl\src\stm32f0xx_syscfg.o
LOAD obj\debug\spl\src\stm32f0xx_tim.o
LOAD obj\debug\spl\src\stm32f0xx_usart.o
LOAD obj\debug\spl\src\stm32f0xx_wwdg.o
LOAD obj\debug\src\debug.o
LOAD obj\debug\src\sim808.o
LOAD obj\debug\src\bmp180.o
LOAD obj\debug\src\main.o
LOAD obj\debug\src\servo.o
LOAD obj\debug\src\startup_stm32f0xx.o
LOAD obj\debug\src\system_stm32f0xx.o
LOAD obj\debug\src\timing.o
LOAD obj\debug\src\umqtt.o
LOAD c:/program files (x86)/emblocks/2.30/share/em_armgcc/bin/../lib/gcc/arm-none-eabi/4.7.3/../../../../arm-none-eabi/lib/armv6-m\libm.a
START GROUP
LOAD c:/program files (x86)/emblocks/2.30/share/em_armgcc/bin/../lib/gcc/arm-none-eabi/4.7.3/armv6-m\libgcc.a
LOAD c:/program files (x86)/emblocks/2.30/share/em_armgcc/bin/../lib/gcc/arm-none-eabi/4.7.3/../../../../arm-none-eabi/lib/armv6-m\libc_n.a
LOAD c:/program files (x86)/emblocks/2.30/share/em_armgcc/bin/../lib/gcc/arm-none-eabi/4.7.3/../../../../arm-none-eabi/lib/armv6-m\libg_n.a
LOAD c:/program files (x86)/emblocks/2.30/share/em_armgcc/bin/../lib/gcc/arm-none-eabi/4.7.3/../../../../arm-none-eabi/lib/armv6-m\libnosys.a
END GROUP
LOAD c:/program files (x86)/emblocks/2.30/share/em_armgcc/bin/../lib/gcc/arm-none-eabi/4.7.3/armv6-m/crtend.o
LOAD c:/program files (x86)/emblocks/2.30/share/em_armgcc/bin/../lib/gcc/arm-none-eabi/4.7.3/armv6-m/crtn.o
OUTPUT(bin\Debug\STM32F0_SIM800_MQTT_Client.elf elf32-littlearm)

.ARM.attributes
                0x00000000       0x28
 .ARM.attributes
                0x00000000       0x1e c:/program files (x86)/emblocks/2.30/share/em_armgcc/bin/../lib/gcc/arm-none-eabi/4.7.3/armv6-m/crti.o
 .ARM.attributes
                0x0000001e       0x2c c:/program files (x86)/emblocks/2.30/share/em_armgcc/bin/../lib/gcc/arm-none-eabi/4.7.3/armv6-m/crtbegin.o
 .ARM.attributes
                0x0000004a       0x1b c:/program files (x86)/emblocks/2.30/share/em_armgcc/bin/../lib/gcc/arm-none-eabi/4.7.3/../../../../arm-none-eabi/lib/armv6-m/crt0.o
 .ARM.attributes
                0x00000065       0x31 obj\debug\spl\src\stm32f0xx_gpio.o
 .ARM.attributes
                0x00000096       0x31 obj\debug\spl\src\stm32f0xx_i2c.o
 .ARM.attributes
                0x000000c7       0x31 obj\debug\spl\src\stm32f0xx_misc.o
 .ARM.attributes
                0x000000f8       0x31 obj\debug\spl\src\stm32f0xx_rcc.o
 .ARM.attributes
                0x00000129       0x31 obj\debug\spl\src\stm32f0xx_tim.o
 .ARM.attributes
                0x0000015a       0x31 obj\debug\spl\src\stm32f0xx_usart.o
 .ARM.attributes
                0x0000018b       0x31 obj\debug\src\debug.o
 .ARM.attributes
                0x000001bc       0x31 obj\debug\src\sim808.o
 .ARM.attributes
                0x000001ed       0x31 obj\debug\src\bmp180.o
 .ARM.attributes
                0x0000021e       0x31 obj\debug\src\main.o
 .ARM.attributes
                0x0000024f       0x31 obj\debug\src\servo.o
 .ARM.attributes
                0x00000280       0x1b obj\debug\src\startup_stm32f0xx.o
 .ARM.attributes
                0x0000029b       0x31 obj\debug\src\system_stm32f0xx.o
 .ARM.attributes
                0x000002cc       0x31 obj\debug\src\timing.o
 .ARM.attributes
                0x000002fd       0x31 obj\debug\src\umqtt.o
 .ARM.attributes
                0x0000032e       0x1e c:/program files (x86)/emblocks/2.30/share/em_armgcc/bin/../lib/gcc/arm-none-eabi/4.7.3/armv6-m\libgcc.a(_udivsi3.o)
 .ARM.attributes
                0x0000034c       0x1e c:/program files (x86)/emblocks/2.30/share/em_armgcc/bin/../lib/gcc/arm-none-eabi/4.7.3/armv6-m\libgcc.a(_divsi3.o)
 .ARM.attributes
                0x0000036a       0x1e c:/program files (x86)/emblocks/2.30/share/em_armgcc/bin/../lib/gcc/arm-none-eabi/4.7.3/armv6-m\libgcc.a(_dvmd_tls.o)
 .ARM.attributes
                0x00000388       0x2c c:/program files (x86)/emblocks/2.30/share/em_armgcc/bin/../lib/gcc/arm-none-eabi/4.7.3/armv6-m\libgcc.a(_fixunsdfsi.o)
 .ARM.attributes
                0x000003b4       0x2c c:/program files (x86)/emblocks/2.30/share/em_armgcc/bin/../lib/gcc/arm-none-eabi/4.7.3/armv6-m\libgcc.a(muldf3.o)
 .ARM.attributes
                0x000003e0       0x2c c:/program files (x86)/emblocks/2.30/share/em_armgcc/bin/../lib/gcc/arm-none-eabi/4.7.3/armv6-m\libgcc.a(subdf3.o)
 .ARM.attributes
                0x0000040c       0x2c c:/program files (x86)/emblocks/2.30/share/em_armgcc/bin/../lib/gcc/arm-none-eabi/4.7.3/armv6-m\libgcc.a(fixdfsi.o)
 .ARM.attributes
                0x00000438       0x2c c:/program files (x86)/emblocks/2.30/share/em_armgcc/bin/../lib/gcc/arm-none-eabi/4.7.3/armv6-m\libgcc.a(floatsidf.o)
 .ARM.attributes
                0x00000464       0x1e c:/program files (x86)/emblocks/2.30/share/em_armgcc/bin/../lib/gcc/arm-none-eabi/4.7.3/armv6-m\libgcc.a(_arm_cmpdf2.o)
 .ARM.attributes
                0x00000482       0x1e c:/program files (x86)/emblocks/2.30/share/em_armgcc/bin/../lib/gcc/arm-none-eabi/4.7.3/armv6-m\libgcc.a(_clzsi2.o)
 .ARM.attributes
                0x000004a0       0x2c c:/program files (x86)/emblocks/2.30/share/em_armgcc/bin/../lib/gcc/arm-none-eabi/4.7.3/armv6-m\libgcc.a(eqdf2.o)
 .ARM.attributes
                0x000004cc       0x2c c:/program files (x86)/emblocks/2.30/share/em_armgcc/bin/../lib/gcc/arm-none-eabi/4.7.3/armv6-m\libgcc.a(gedf2.o)
 .ARM.attributes
                0x000004f8       0x2c c:/program files (x86)/emblocks/2.30/share/em_armgcc/bin/../lib/gcc/arm-none-eabi/4.7.3/armv6-m\libgcc.a(ledf2.o)
 .ARM.attributes
                0x00000524       0x2c c:/program files (x86)/emblocks/2.30/share/em_armgcc/bin/../lib/gcc/arm-none-eabi/4.7.3/../../../../arm-none-eabi/lib/armv6-m\libc_n.a(lib_a-exit.o)
 .ARM.attributes
                0x00000550       0x2c c:/program files (x86)/emblocks/2.30/share/em_armgcc/bin/../lib/gcc/arm-none-eabi/4.7.3/../../../../arm-none-eabi/lib/armv6-m\libc_n.a(lib_a-impure.o)
 .ARM.attributes
                0x0000057c       0x2c c:/program files (x86)/emblocks/2.30/share/em_armgcc/bin/../lib/gcc/arm-none-eabi/4.7.3/../../../../arm-none-eabi/lib/armv6-m\libc_n.a(lib_a-init.o)
 .ARM.attributes
                0x000005a8       0x2c c:/program files (x86)/emblocks/2.30/share/em_armgcc/bin/../lib/gcc/arm-none-eabi/4.7.3/../../../../arm-none-eabi/lib/armv6-m\libc_n.a(lib_a-memcpy-stub.o)
 .ARM.attributes
                0x000005d4       0x2c c:/program files (x86)/emblocks/2.30/share/em_armgcc/bin/../lib/gcc/arm-none-eabi/4.7.3/../../../../arm-none-eabi/lib/armv6-m\libc_n.a(lib_a-memset.o)
 .ARM.attributes
                0x00000600       0x2c c:/program files (x86)/emblocks/2.30/share/em_armgcc/bin/../lib/gcc/arm-none-eabi/4.7.3/../../../../arm-none-eabi/lib/armv6-m\libc_n.a(lib_a-rand.o)
 .ARM.attributes
                0x0000062c       0x2c c:/program files (x86)/emblocks/2.30/share/em_armgcc/bin/../lib/gcc/arm-none-eabi/4.7.3/../../../../arm-none-eabi/lib/armv6-m\libc_n.a(lib_a-sprintf.o)
 .ARM.attributes
                0x00000658       0x2c c:/program files (x86)/emblocks/2.30/share/em_armgcc/bin/../lib/gcc/arm-none-eabi/4.7.3/../../../../arm-none-eabi/lib/armv6-m\libc_n.a(lib_a-strchr.o)
 .ARM.attributes
                0x00000684       0x2c c:/program files (x86)/emblocks/2.30/share/em_armgcc/bin/../lib/gcc/arm-none-eabi/4.7.3/../../../../arm-none-eabi/lib/armv6-m\libc_n.a(lib_a-strlen.o)
 .ARM.attributes
                0x000006b0       0x2c c:/program files (x86)/emblocks/2.30/share/em_armgcc/bin/../lib/gcc/arm-none-eabi/4.7.3/../../../../arm-none-eabi/lib/armv6-m\libc_n.a(lib_a-strstr.o)
 .ARM.attributes
                0x000006dc       0x2c c:/program files (x86)/emblocks/2.30/share/em_armgcc/bin/../lib/gcc/arm-none-eabi/4.7.3/../../../../arm-none-eabi/lib/armv6-m\libc_n.a(lib_a-svfprintf.o)
 .ARM.attributes
                0x00000708       0x2c c:/program files (x86)/emblocks/2.30/share/em_armgcc/bin/../lib/gcc/arm-none-eabi/4.7.3/../../../../arm-none-eabi/lib/armv6-m\libc_n.a(lib_a-vfprintf_i.o)
 .ARM.attributes
                0x00000734       0x2c c:/program files (x86)/emblocks/2.30/share/em_armgcc/bin/../lib/gcc/arm-none-eabi/4.7.3/../../../../arm-none-eabi/lib/armv6-m\libc_n.a(lib_a-findfp.o)
 .ARM.attributes
                0x00000760       0x2c c:/program files (x86)/emblocks/2.30/share/em_armgcc/bin/../lib/gcc/arm-none-eabi/4.7.3/../../../../arm-none-eabi/lib/armv6-m\libc_n.a(lib_a-malloc.o)
 .ARM.attributes
                0x0000078c       0x2c c:/program files (x86)/emblocks/2.30/share/em_armgcc/bin/../lib/gcc/arm-none-eabi/4.7.3/../../../../arm-none-eabi/lib/armv6-m\libc_n.a(lib_a-memchr-stub.o)
 .ARM.attributes
                0x000007b8       0x2c c:/program files (x86)/emblocks/2.30/share/em_armgcc/bin/../lib/gcc/arm-none-eabi/4.7.3/../../../../arm-none-eabi/lib/armv6-m\libc_n.a(lib_a-memmove.o)
 .ARM.attributes
                0x000007e4       0x2c c:/program files (x86)/emblocks/2.30/share/em_armgcc/bin/../lib/gcc/arm-none-eabi/4.7.3/../../../../arm-none-eabi/lib/armv6-m\libc_n.a(lib_a-nano-freer.o)
 .ARM.attributes
                0x00000810       0x2c c:/program files (x86)/emblocks/2.30/share/em_armgcc/bin/../lib/gcc/arm-none-eabi/4.7.3/../../../../arm-none-eabi/lib/armv6-m\libc_n.a(lib_a-nano-mallocr.o)
 .ARM.attributes
                0x0000083c       0x2c c:/program files (x86)/emblocks/2.30/share/em_armgcc/bin/../lib/gcc/arm-none-eabi/4.7.3/../../../../arm-none-eabi/lib/armv6-m\libc_n.a(lib_a-nano-reallocr.o)
 .ARM.attributes
                0x00000868       0x2c c:/program files (x86)/emblocks/2.30/share/em_armgcc/bin/../lib/gcc/arm-none-eabi/4.7.3/../../../../arm-none-eabi/lib/armv6-m\libc_n.a(lib_a-reent.o)
 .ARM.attributes
                0x00000894       0x2c c:/program files (x86)/emblocks/2.30/share/em_armgcc/bin/../lib/gcc/arm-none-eabi/4.7.3/../../../../arm-none-eabi/lib/armv6-m\libc_n.a(lib_a-sbrkr.o)
 .ARM.attributes
                0x000008c0       0x2c c:/program files (x86)/emblocks/2.30/share/em_armgcc/bin/../lib/gcc/arm-none-eabi/4.7.3/../../../../arm-none-eabi/lib/armv6-m\libc_n.a(lib_a-nano-msizer.o)
 .ARM.attributes
                0x000008ec       0x2c c:/program files (x86)/emblocks/2.30/share/em_armgcc/bin/../lib/gcc/arm-none-eabi/4.7.3/../../../../arm-none-eabi/lib/armv6-m\libnosys.a(sbrk.o)
 .ARM.attributes
                0x00000918       0x2c c:/program files (x86)/emblocks/2.30/share/em_armgcc/bin/../lib/gcc/arm-none-eabi/4.7.3/../../../../arm-none-eabi/lib/armv6-m\libnosys.a(_exit.o)
 .ARM.attributes
                0x00000944       0x2c c:/program files (x86)/emblocks/2.30/share/em_armgcc/bin/../lib/gcc/arm-none-eabi/4.7.3/armv6-m\libgcc.a(_muldi3.o)
 .ARM.attributes
                0x00000970       0x2c c:/program files (x86)/emblocks/2.30/share/em_armgcc/bin/../lib/gcc/arm-none-eabi/4.7.3/armv6-m/crtend.o
 .ARM.attributes
                0x0000099c       0x1e c:/program files (x86)/emblocks/2.30/share/em_armgcc/bin/../lib/gcc/arm-none-eabi/4.7.3/armv6-m/crtn.o

.comment        0x00000000       0x38
 .comment       0x00000000       0x38 obj\debug\spl\src\stm32f0xx_gpio.o
                                 0x39 (size before relaxing)
 .comment       0x00000000       0x39 obj\debug\spl\src\stm32f0xx_i2c.o
 .comment       0x00000000       0x39 obj\debug\spl\src\stm32f0xx_misc.o
 .comment       0x00000000       0x39 obj\debug\spl\src\stm32f0xx_rcc.o
 .comment       0x00000000       0x39 obj\debug\spl\src\stm32f0xx_tim.o
 .comment       0x00000000       0x39 obj\debug\spl\src\stm32f0xx_usart.o
 .comment       0x00000000       0x39 obj\debug\src\debug.o
 .comment       0x00000000       0x39 obj\debug\src\sim808.o
 .comment       0x00000000       0x39 obj\debug\src\bmp180.o
 .comment       0x00000000       0x39 obj\debug\src\main.o
 .comment       0x00000000       0x39 obj\debug\src\servo.o
 .comment       0x00000000       0x39 obj\debug\src\system_stm32f0xx.o
 .comment       0x00000000       0x39 obj\debug\src\timing.o
 .comment       0x00000000       0x39 obj\debug\src\umqtt.o

.debug_info     0x00000000     0x94cc
 .debug_info    0x00000000      0x642 obj\debug\spl\src\stm32f0xx_gpio.o
 .debug_info    0x00000642      0xcb5 obj\debug\spl\src\stm32f0xx_i2c.o
 .debug_info    0x000012f7      0x3bb obj\debug\spl\src\stm32f0xx_misc.o
 .debug_info    0x000016b2      0xb23 obj\debug\spl\src\stm32f0xx_rcc.o
 .debug_info    0x000021d5     0x1ebe obj\debug\spl\src\stm32f0xx_tim.o
 .debug_info    0x00004093      0xf8d obj\debug\spl\src\stm32f0xx_usart.o
 .debug_info    0x00005020      0x6b3 obj\debug\src\debug.o
 .debug_info    0x000056d3      0xf1a obj\debug\src\sim808.o
 .debug_info    0x000065ed      0x9c2 obj\debug\src\bmp180.o
 .debug_info    0x00006faf      0xe82 obj\debug\src\main.o
 .debug_info    0x00007e31      0x4b4 obj\debug\src\servo.o
 .debug_info    0x000082e5       0x80 obj\debug\src\startup_stm32f0xx.o
 .debug_info    0x00008365      0x339 obj\debug\src\system_stm32f0xx.o
 .debug_info    0x0000869e      0x5ce obj\debug\src\timing.o
 .debug_info    0x00008c6c      0x860 obj\debug\src\umqtt.o

.debug_abbrev   0x00000000     0x1925
 .debug_abbrev  0x00000000      0x1a2 obj\debug\spl\src\stm32f0xx_gpio.o
 .debug_abbrev  0x000001a2      0x18c obj\debug\spl\src\stm32f0xx_i2c.o
 .debug_abbrev  0x0000032e      0x12c obj\debug\spl\src\stm32f0xx_misc.o
 .debug_abbrev  0x0000045a      0x1f3 obj\debug\spl\src\stm32f0xx_rcc.o
 .debug_abbrev  0x0000064d      0x193 obj\debug\spl\src\stm32f0xx_tim.o
 .debug_abbrev  0x000007e0      0x163 obj\debug\spl\src\stm32f0xx_usart.o
 .debug_abbrev  0x00000943      0x1ca obj\debug\src\debug.o
 .debug_abbrev  0x00000b0d      0x345 obj\debug\src\sim808.o
 .debug_abbrev  0x00000e52      0x1f8 obj\debug\src\bmp180.o
 .debug_abbrev  0x0000104a      0x284 obj\debug\src\main.o
 .debug_abbrev  0x000012ce      0x129 obj\debug\src\servo.o
 .debug_abbrev  0x000013f7       0x14 obj\debug\src\startup_stm32f0xx.o
 .debug_abbrev  0x0000140b      0x13b obj\debug\src\system_stm32f0xx.o
 .debug_abbrev  0x00001546      0x21a obj\debug\src\timing.o
 .debug_abbrev  0x00001760      0x1c5 obj\debug\src\umqtt.o

.debug_loc      0x00000000     0x4817
 .debug_loc     0x00000000      0x2d8 obj\debug\spl\src\stm32f0xx_gpio.o
 .debug_loc     0x000002d8      0x930 obj\debug\spl\src\stm32f0xx_i2c.o
 .debug_loc     0x00000c08       0xa8 obj\debug\spl\src\stm32f0xx_misc.o
 .debug_loc     0x00000cb0      0x8d4 obj\debug\spl\src\stm32f0xx_rcc.o
 .debug_loc     0x00001584     0x1458 obj\debug\spl\src\stm32f0xx_tim.o
 .debug_loc     0x000029dc      0xaba obj\debug\spl\src\stm32f0xx_usart.o
 .debug_loc     0x00003496      0x220 obj\debug\src\debug.o
 .debug_loc     0x000036b6      0x6b6 obj\debug\src\sim808.o
 .debug_loc     0x00003d6c      0x26c obj\debug\src\bmp180.o
 .debug_loc     0x00003fd8      0x147 obj\debug\src\main.o
 .debug_loc     0x0000411f      0x120 obj\debug\src\servo.o
 .debug_loc     0x0000423f       0x9c obj\debug\src\system_stm32f0xx.o
 .debug_loc     0x000042db      0x1c8 obj\debug\src\timing.o
 .debug_loc     0x000044a3      0x374 obj\debug\src\umqtt.o

.debug_aranges  0x00000000      0xbe0
 .debug_aranges
                0x00000000       0x80 obj\debug\spl\src\stm32f0xx_gpio.o
 .debug_aranges
                0x00000080      0x168 obj\debug\spl\src\stm32f0xx_i2c.o
 .debug_aranges
                0x000001e8       0x30 obj\debug\spl\src\stm32f0xx_misc.o
 .debug_aranges
                0x00000218      0x160 obj\debug\spl\src\stm32f0xx_rcc.o
 .debug_aranges
                0x00000378      0x300 obj\debug\spl\src\stm32f0xx_tim.o
 .debug_aranges
                0x00000678      0x1a0 obj\debug\spl\src\stm32f0xx_usart.o
 .debug_aranges
                0x00000818       0x68 obj\debug\src\debug.o
 .debug_aranges
                0x00000880      0x120 obj\debug\src\sim808.o
 .debug_aranges
                0x000009a0       0x70 obj\debug\src\bmp180.o
 .debug_aranges
                0x00000a10       0x48 obj\debug\src\main.o
 .debug_aranges
                0x00000a58       0x48 obj\debug\src\servo.o
 .debug_aranges
                0x00000aa0       0x20 obj\debug\src\startup_stm32f0xx.o
 .debug_aranges
                0x00000ac0       0x30 obj\debug\src\system_stm32f0xx.o
 .debug_aranges
                0x00000af0       0x60 obj\debug\src\timing.o
 .debug_aranges
                0x00000b50       0x90 obj\debug\src\umqtt.o

.debug_ranges   0x00000000      0xae0
 .debug_ranges  0x00000000       0x70 obj\debug\spl\src\stm32f0xx_gpio.o
 .debug_ranges  0x00000070      0x158 obj\debug\spl\src\stm32f0xx_i2c.o
 .debug_ranges  0x000001c8       0x20 obj\debug\spl\src\stm32f0xx_misc.o
 .debug_ranges  0x000001e8      0x150 obj\debug\spl\src\stm32f0xx_rcc.o
 .debug_ranges  0x00000338      0x2f0 obj\debug\spl\src\stm32f0xx_tim.o
 .debug_ranges  0x00000628      0x190 obj\debug\spl\src\stm32f0xx_usart.o
 .debug_ranges  0x000007b8       0x58 obj\debug\src\debug.o
 .debug_ranges  0x00000810      0x110 obj\debug\src\sim808.o
 .debug_ranges  0x00000920       0x60 obj\debug\src\bmp180.o
 .debug_ranges  0x00000980       0x38 obj\debug\src\main.o
 .debug_ranges  0x000009b8       0x38 obj\debug\src\servo.o
 .debug_ranges  0x000009f0       0x20 obj\debug\src\system_stm32f0xx.o
 .debug_ranges  0x00000a10       0x50 obj\debug\src\timing.o
 .debug_ranges  0x00000a60       0x80 obj\debug\src\umqtt.o

.debug_macro    0x00000000     0x3f26
 .debug_macro   0x00000000      0x172 obj\debug\spl\src\stm32f0xx_gpio.o
 .debug_macro   0x00000172      0x17f obj\debug\spl\src\stm32f0xx_gpio.o
 .debug_macro   0x000002f1      0x190 obj\debug\spl\src\stm32f0xx_i2c.o
 .debug_macro   0x00000481      0x29a obj\debug\spl\src\stm32f0xx_i2c.o
 .debug_macro   0x0000071b      0x172 obj\debug\spl\src\stm32f0xx_misc.o
 .debug_macro   0x0000088d       0x34 obj\debug\spl\src\stm32f0xx_misc.o
 .debug_macro   0x000008c1      0x190 obj\debug\spl\src\stm32f0xx_rcc.o
 .debug_macro   0x00000a51      0x4dd obj\debug\spl\src\stm32f0xx_rcc.o
 .debug_macro   0x00000f2e      0x18e obj\debug\spl\src\stm32f0xx_tim.o
 .debug_macro   0x000010bc      0x74a obj\debug\spl\src\stm32f0xx_tim.o
 .debug_macro   0x00001806      0x18a obj\debug\spl\src\stm32f0xx_usart.o
 .debug_macro   0x00001990      0x34d obj\debug\spl\src\stm32f0xx_usart.o
 .debug_macro   0x00001cdd      0x171 obj\debug\src\debug.o
 .debug_macro   0x00001e4e       0x10 obj\debug\src\debug.o
 .debug_macro   0x00001e5e      0x24a obj\debug\src\sim808.o
 .debug_macro   0x000020a8       0x10 obj\debug\src\sim808.o
 .debug_macro   0x000020b8       0x58 obj\debug\src\sim808.o
 .debug_macro   0x00002110       0x35 obj\debug\src\sim808.o
 .debug_macro   0x00002145       0xa2 obj\debug\src\sim808.o
 .debug_macro   0x000021e7      0x16c obj\debug\src\sim808.o
 .debug_macro   0x00002353       0x52 obj\debug\src\sim808.o
 .debug_macro   0x000023a5       0x16 obj\debug\src\sim808.o
 .debug_macro   0x000023bb       0x43 obj\debug\src\sim808.o
 .debug_macro   0x000023fe      0x180 obj\debug\src\sim808.o
 .debug_macro   0x0000257e      0x2a6 obj\debug\src\sim808.o
 .debug_macro   0x00002824       0x10 obj\debug\src\sim808.o
 .debug_macro   0x00002834       0x35 obj\debug\src\sim808.o
 .debug_macro   0x00002869       0x1f obj\debug\src\sim808.o
 .debug_macro   0x00002888       0x1c obj\debug\src\sim808.o
 .debug_macro   0x000028a4       0x34 obj\debug\src\sim808.o
 .debug_macro   0x000028d8      0x247 obj\debug\src\bmp180.o
 .debug_macro   0x00002b1f       0x16 obj\debug\src\bmp180.o
 .debug_macro   0x00002b35       0x97 obj\debug\src\bmp180.o
 .debug_macro   0x00002bcc       0x10 obj\debug\src\bmp180.o
 .debug_macro   0x00002bdc       0xf5 obj\debug\src\bmp180.o
 .debug_macro   0x00002cd1       0x10 obj\debug\src\bmp180.o
 .debug_macro   0x00002ce1       0x22 obj\debug\src\bmp180.o
 .debug_macro   0x00002d03       0xbd obj\debug\src\bmp180.o
 .debug_macro   0x00002dc0       0x16 obj\debug\src\bmp180.o
 .debug_macro   0x00002dd6      0x16c obj\debug\src\bmp180.o
 .debug_macro   0x00002f42      0x23e obj\debug\src\bmp180.o
 .debug_macro   0x00003180      0x2c2 obj\debug\src\main.o
 .debug_macro   0x00003442       0x16 obj\debug\src\main.o
 .debug_macro   0x00003458      0x23e obj\debug\src\main.o
 .debug_macro   0x00003696      0x23a obj\debug\src\servo.o
 .debug_macro   0x000038d0      0x168 obj\debug\src\system_stm32f0xx.o
 .debug_macro   0x00003a38      0x172 obj\debug\src\timing.o
 .debug_macro   0x00003baa      0x10d obj\debug\src\umqtt.o
 .debug_macro   0x00003cb7       0x4a obj\debug\src\umqtt.o
 .debug_macro   0x00003d01      0x20f obj\debug\src\umqtt.o
 .debug_macro   0x00003f10       0x16 obj\debug\src\umqtt.o

.debug_line     0x00000000     0x65ad
 .debug_line    0x00000000      0x5cb obj\debug\spl\src\stm32f0xx_gpio.o
 .debug_line    0x000005cb      0x817 obj\debug\spl\src\stm32f0xx_i2c.o
 .debug_line    0x00000de2      0x4d6 obj\debug\spl\src\stm32f0xx_misc.o
 .debug_line    0x000012b8      0x825 obj\debug\spl\src\stm32f0xx_rcc.o
 .debug_line    0x00001add      0xd05 obj\debug\spl\src\stm32f0xx_tim.o
 .debug_line    0x000027e2      0x8a7 obj\debug\spl\src\stm32f0xx_usart.o
 .debug_line    0x00003089      0x596 obj\debug\src\debug.o
 .debug_line    0x0000361f      0xb04 obj\debug\src\sim808.o
 .debug_line    0x00004123      0x73d obj\debug\src\bmp180.o
 .debug_line    0x00004860      0x731 obj\debug\src\main.o
 .debug_line    0x00004f91      0x5a5 obj\debug\src\servo.o
 .debug_line    0x00005536       0x99 obj\debug\src\startup_stm32f0xx.o
 .debug_line    0x000055cf      0x510 obj\debug\src\system_stm32f0xx.o
 .debug_line    0x00005adf      0x590 obj\debug\src\timing.o
 .debug_line    0x0000606f      0x53e obj\debug\src\umqtt.o

.debug_str      0x00000000    0x45ba8
 .debug_str     0x00000000    0x3ef1f obj\debug\spl\src\stm32f0xx_gpio.o
                              0x3f0b7 (size before relaxing)
 .debug_str     0x0003ef1f      0x540 obj\debug\spl\src\stm32f0xx_i2c.o
                              0x3f321 (size before relaxing)
 .debug_str     0x0003f45f      0x13f obj\debug\spl\src\stm32f0xx_misc.o
                              0x3ef21 (size before relaxing)
 .debug_str     0x0003f59e      0x63e obj\debug\spl\src\stm32f0xx_rcc.o
                              0x3f463 (size before relaxing)
 .debug_str     0x0003fbdc      0xc13 obj\debug\spl\src\stm32f0xx_tim.o
                              0x3fa8a (size before relaxing)
 .debug_str     0x000407ef      0x7ec obj\debug\spl\src\stm32f0xx_usart.o
                              0x3f6cb (size before relaxing)
 .debug_str     0x00040fdb      0x2bc obj\debug\src\debug.o
                              0x3f1bd (size before relaxing)
 .debug_str     0x00041297     0x2ae3 obj\debug\src\sim808.o
                              0x41c93 (size before relaxing)
 .debug_str     0x00043d7a     0x182d obj\debug\src\bmp180.o
                              0x41e78 (size before relaxing)
 .debug_str     0x000455a7      0x200 obj\debug\src\main.o
                              0x433ca (size before relaxing)
 .debug_str     0x000457a7       0x1e obj\debug\src\servo.o
                              0x41121 (size before relaxing)
 .debug_str     0x000457c5       0x78 obj\debug\src\system_stm32f0xx.o
                              0x3eebe (size before relaxing)
 .debug_str     0x0004583d       0x9d obj\debug\src\timing.o
                              0x3f15c (size before relaxing)
 .debug_str     0x000458da      0x2ce obj\debug\src\umqtt.o
                               0x5718 (size before relaxing)

.debug_frame    0x00000000     0x3230
 .debug_frame   0x00000000      0x1b0 obj\debug\spl\src\stm32f0xx_gpio.o
 .debug_frame   0x000001b0      0x550 obj\debug\spl\src\stm32f0xx_i2c.o
 .debug_frame   0x00000700       0x70 obj\debug\spl\src\stm32f0xx_misc.o
 .debug_frame   0x00000770      0x524 obj\debug\spl\src\stm32f0xx_rcc.o
 .debug_frame   0x00000c94      0xbb0 obj\debug\spl\src\stm32f0xx_tim.o
 .debug_frame   0x00001844      0x630 obj\debug\spl\src\stm32f0xx_usart.o
 .debug_frame   0x00001e74      0x14c obj\debug\src\debug.o
 .debug_frame   0x00001fc0      0x408 obj\debug\src\sim808.o
 .debug_frame   0x000023c8      0x170 obj\debug\src\bmp180.o
 .debug_frame   0x00002538       0xd0 obj\debug\src\main.o
 .debug_frame   0x00002608       0xc4 obj\debug\src\servo.o
 .debug_frame   0x000026cc       0x6c obj\debug\src\system_stm32f0xx.o
 .debug_frame   0x00002738      0x124 obj\debug\src\timing.o
 .debug_frame   0x0000285c      0x20c obj\debug\src\umqtt.o
 .debug_frame   0x00002a68       0x20 c:/program files (x86)/emblocks/2.30/share/em_armgcc/bin/../lib/gcc/arm-none-eabi/4.7.3/armv6-m\libgcc.a(_udivsi3.o)
 .debug_frame   0x00002a88       0x20 c:/program files (x86)/emblocks/2.30/share/em_armgcc/bin/../lib/gcc/arm-none-eabi/4.7.3/armv6-m\libgcc.a(_divsi3.o)
 .debug_frame   0x00002aa8       0x2c c:/program files (x86)/emblocks/2.30/share/em_armgcc/bin/../lib/gcc/arm-none-eabi/4.7.3/armv6-m\libgcc.a(_fixunsdfsi.o)
 .debug_frame   0x00002ad4       0x3c c:/program files (x86)/emblocks/2.30/share/em_armgcc/bin/../lib/gcc/arm-none-eabi/4.7.3/armv6-m\libgcc.a(muldf3.o)
 .debug_frame   0x00002b10       0x38 c:/program files (x86)/emblocks/2.30/share/em_armgcc/bin/../lib/gcc/arm-none-eabi/4.7.3/armv6-m\libgcc.a(subdf3.o)
 .debug_frame   0x00002b48       0x2c c:/program files (x86)/emblocks/2.30/share/em_armgcc/bin/../lib/gcc/arm-none-eabi/4.7.3/armv6-m\libgcc.a(fixdfsi.o)
 .debug_frame   0x00002b74       0x2c c:/program files (x86)/emblocks/2.30/share/em_armgcc/bin/../lib/gcc/arm-none-eabi/4.7.3/armv6-m\libgcc.a(floatsidf.o)
 .debug_frame   0x00002ba0       0x34 c:/program files (x86)/emblocks/2.30/share/em_armgcc/bin/../lib/gcc/arm-none-eabi/4.7.3/armv6-m\libgcc.a(eqdf2.o)
 .debug_frame   0x00002bd4       0x34 c:/program files (x86)/emblocks/2.30/share/em_armgcc/bin/../lib/gcc/arm-none-eabi/4.7.3/armv6-m\libgcc.a(gedf2.o)
 .debug_frame   0x00002c08       0x34 c:/program files (x86)/emblocks/2.30/share/em_armgcc/bin/../lib/gcc/arm-none-eabi/4.7.3/armv6-m\libgcc.a(ledf2.o)
 .debug_frame   0x00002c3c       0x28 c:/program files (x86)/emblocks/2.30/share/em_armgcc/bin/../lib/gcc/arm-none-eabi/4.7.3/../../../../arm-none-eabi/lib/armv6-m\libc_n.a(lib_a-exit.o)
 .debug_frame   0x00002c64       0x2c c:/program files (x86)/emblocks/2.30/share/em_armgcc/bin/../lib/gcc/arm-none-eabi/4.7.3/../../../../arm-none-eabi/lib/armv6-m\libc_n.a(lib_a-init.o)
 .debug_frame   0x00002c90       0x28 c:/program files (x86)/emblocks/2.30/share/em_armgcc/bin/../lib/gcc/arm-none-eabi/4.7.3/../../../../arm-none-eabi/lib/armv6-m\libc_n.a(lib_a-memcpy-stub.o)
 .debug_frame   0x00002cb8       0x28 c:/program files (x86)/emblocks/2.30/share/em_armgcc/bin/../lib/gcc/arm-none-eabi/4.7.3/../../../../arm-none-eabi/lib/armv6-m\libc_n.a(lib_a-memset.o)
 .debug_frame   0x00002ce0       0x44 c:/program files (x86)/emblocks/2.30/share/em_armgcc/bin/../lib/gcc/arm-none-eabi/4.7.3/../../../../arm-none-eabi/lib/armv6-m\libc_n.a(lib_a-rand.o)
 .debug_frame   0x00002d24       0x4c c:/program files (x86)/emblocks/2.30/share/em_armgcc/bin/../lib/gcc/arm-none-eabi/4.7.3/../../../../arm-none-eabi/lib/armv6-m\libc_n.a(lib_a-sprintf.o)
 .debug_frame   0x00002d70       0x28 c:/program files (x86)/emblocks/2.30/share/em_armgcc/bin/../lib/gcc/arm-none-eabi/4.7.3/../../../../arm-none-eabi/lib/armv6-m\libc_n.a(lib_a-strchr.o)
 .debug_frame   0x00002d98       0x20 c:/program files (x86)/emblocks/2.30/share/em_armgcc/bin/../lib/gcc/arm-none-eabi/4.7.3/../../../../arm-none-eabi/lib/armv6-m\libc_n.a(lib_a-strlen.o)
 .debug_frame   0x00002db8       0x28 c:/program files (x86)/emblocks/2.30/share/em_armgcc/bin/../lib/gcc/arm-none-eabi/4.7.3/../../../../arm-none-eabi/lib/armv6-m\libc_n.a(lib_a-strstr.o)
 .debug_frame   0x00002de0       0x74 c:/program files (x86)/emblocks/2.30/share/em_armgcc/bin/../lib/gcc/arm-none-eabi/4.7.3/../../../../arm-none-eabi/lib/armv6-m\libc_n.a(lib_a-svfprintf.o)
 .debug_frame   0x00002e54       0x54 c:/program files (x86)/emblocks/2.30/share/em_armgcc/bin/../lib/gcc/arm-none-eabi/4.7.3/../../../../arm-none-eabi/lib/armv6-m\libc_n.a(lib_a-vfprintf_i.o)
 .debug_frame   0x00002ea8      0x148 c:/program files (x86)/emblocks/2.30/share/em_armgcc/bin/../lib/gcc/arm-none-eabi/4.7.3/../../../../arm-none-eabi/lib/armv6-m\libc_n.a(lib_a-findfp.o)
 .debug_frame   0x00002ff0       0x40 c:/program files (x86)/emblocks/2.30/share/em_armgcc/bin/../lib/gcc/arm-none-eabi/4.7.3/../../../../arm-none-eabi/lib/armv6-m\libc_n.a(lib_a-malloc.o)
 .debug_frame   0x00003030       0x28 c:/program files (x86)/emblocks/2.30/share/em_armgcc/bin/../lib/gcc/arm-none-eabi/4.7.3/../../../../arm-none-eabi/lib/armv6-m\libc_n.a(lib_a-memchr-stub.o)
 .debug_frame   0x00003058       0x2c c:/program files (x86)/emblocks/2.30/share/em_armgcc/bin/../lib/gcc/arm-none-eabi/4.7.3/../../../../arm-none-eabi/lib/armv6-m\libc_n.a(lib_a-memmove.o)
 .debug_frame   0x00003084       0x30 c:/program files (x86)/emblocks/2.30/share/em_armgcc/bin/../lib/gcc/arm-none-eabi/4.7.3/../../../../arm-none-eabi/lib/armv6-m\libc_n.a(lib_a-nano-freer.o)
 .debug_frame   0x000030b4       0x30 c:/program files (x86)/emblocks/2.30/share/em_armgcc/bin/../lib/gcc/arm-none-eabi/4.7.3/../../../../arm-none-eabi/lib/armv6-m\libc_n.a(lib_a-nano-mallocr.o)
 .debug_frame   0x000030e4       0x30 c:/program files (x86)/emblocks/2.30/share/em_armgcc/bin/../lib/gcc/arm-none-eabi/4.7.3/../../../../arm-none-eabi/lib/armv6-m\libc_n.a(lib_a-nano-reallocr.o)
 .debug_frame   0x00003114       0x48 c:/program files (x86)/emblocks/2.30/share/em_armgcc/bin/../lib/gcc/arm-none-eabi/4.7.3/../../../../arm-none-eabi/lib/armv6-m\libc_n.a(lib_a-reent.o)
 .debug_frame   0x0000315c       0x2c c:/program files (x86)/emblocks/2.30/share/em_armgcc/bin/../lib/gcc/arm-none-eabi/4.7.3/../../../../arm-none-eabi/lib/armv6-m\libc_n.a(lib_a-sbrkr.o)
 .debug_frame   0x00003188       0x28 c:/program files (x86)/emblocks/2.30/share/em_armgcc/bin/../lib/gcc/arm-none-eabi/4.7.3/../../../../arm-none-eabi/lib/armv6-m\libc_n.a(lib_a-nano-msizer.o)
 .debug_frame   0x000031b0       0x28 c:/program files (x86)/emblocks/2.30/share/em_armgcc/bin/../lib/gcc/arm-none-eabi/4.7.3/../../../../arm-none-eabi/lib/armv6-m\libnosys.a(sbrk.o)
 .debug_frame   0x000031d8       0x28 c:/program files (x86)/emblocks/2.30/share/em_armgcc/bin/../lib/gcc/arm-none-eabi/4.7.3/../../../../arm-none-eabi/lib/armv6-m\libnosys.a(_exit.o)
 .debug_frame   0x00003200       0x30 c:/program files (x86)/emblocks/2.30/share/em_armgcc/bin/../lib/gcc/arm-none-eabi/4.7.3/armv6-m\libgcc.a(_muldi3.o)

.stabstr        0x00000000       0xdf
 .stabstr       0x00000000       0xdf c:/program files (x86)/emblocks/2.30/share/em_armgcc/bin/../lib/gcc/arm-none-eabi/4.7.3/../../../../arm-none-eabi/lib/armv6-m\libnosys.a(close.o)
